Missing keys: ['conv_scale.weight', 'conv_scale.bias', 'fc1.weight', 'fc1.bias', 'fc2.weight', 'fc2.bias', 'conv_out.weight', 'conv_out.bias']
----------------------------------------Epoch: 1----------------------------------------
(2459303936, 23710007296)
Train Epoch: 1 [0/33236 (0%)], loss_tgt -0.015288591384887695, l2_emb 0, mi_f0_sum -0.014866948127746582, mi_uv_sum -0.0004216432571411133
(2440429568, 23710007296)
Train Epoch: 1 [500/33236 (2%)], loss_tgt -0.01602870225906372, l2_emb 0, mi_f0_sum 0.004232645034790039, mi_uv_sum -0.02026134729385376
(2440429568, 23710007296)
Train Epoch: 1 [1000/33236 (3%)], loss_tgt -0.004116475582122803, l2_emb 0, mi_f0_sum 0.0015361309051513672, mi_uv_sum -0.00565260648727417
(2440429568, 23710007296)
Train Epoch: 1 [1500/33236 (5%)], loss_tgt -0.03405117988586426, l2_emb 0, mi_f0_sum -0.00449824333190918, mi_uv_sum -0.029552936553955078
(2440429568, 23710007296)
Train Epoch: 1 [2000/33236 (6%)], loss_tgt -0.008937239646911621, l2_emb 0, mi_f0_sum -0.0013510584831237793, mi_uv_sum -0.007586181163787842
(2440429568, 23710007296)
Train Epoch: 1 [2500/33236 (8%)], loss_tgt -0.010355889797210693, l2_emb 0, mi_f0_sum 0.0028766393661499023, mi_uv_sum -0.013232529163360596
(2440429568, 23710007296)
Train Epoch: 1 [3000/33236 (9%)], loss_tgt -0.005115032196044922, l2_emb 0, mi_f0_sum 0.0005925297737121582, mi_uv_sum -0.00570756196975708
(2440429568, 23710007296)
Train Epoch: 1 [3500/33236 (11%)], loss_tgt -0.015576839447021484, l2_emb 0, mi_f0_sum -0.005332231521606445, mi_uv_sum -0.010244607925415039
(2440429568, 23710007296)
Train Epoch: 1 [4000/33236 (12%)], loss_tgt -0.005003035068511963, l2_emb 0, mi_f0_sum 0.0019292831420898438, mi_uv_sum -0.006932318210601807
(2440429568, 23710007296)
Train Epoch: 1 [4500/33236 (14%)], loss_tgt -0.01393967866897583, l2_emb 0, mi_f0_sum -0.0010930895805358887, mi_uv_sum -0.012846589088439941
(2440429568, 23710007296)
Train Epoch: 1 [5000/33236 (15%)], loss_tgt 0.001389920711517334, l2_emb 0, mi_f0_sum 0.002581000328063965, mi_uv_sum -0.0011910796165466309
(2440429568, 23710007296)
Train Epoch: 1 [5500/33236 (17%)], loss_tgt -0.012653529644012451, l2_emb 0, mi_f0_sum 0.0028383731842041016, mi_uv_sum -0.015491902828216553
(2440429568, 23710007296)
Train Epoch: 1 [6000/33236 (18%)], loss_tgt -0.00541311502456665, l2_emb 0, mi_f0_sum -0.003952503204345703, mi_uv_sum -0.0014606118202209473
(2440429568, 23710007296)
Train Epoch: 1 [6500/33236 (20%)], loss_tgt -0.05967545509338379, l2_emb 0, mi_f0_sum -0.008171916007995605, mi_uv_sum -0.051503539085388184
(2440429568, 23710007296)
Train Epoch: 1 [7000/33236 (21%)], loss_tgt -0.02978736162185669, l2_emb 0, mi_f0_sum -0.014970123767852783, mi_uv_sum -0.014817237854003906
(2440429568, 23710007296)
Train Epoch: 1 [7500/33236 (23%)], loss_tgt -0.054798245429992676, l2_emb 0, mi_f0_sum -0.008304119110107422, mi_uv_sum -0.046494126319885254
(2440429568, 23710007296)
Train Epoch: 1 [8000/33236 (24%)], loss_tgt -0.12171894311904907, l2_emb 0, mi_f0_sum -0.11282354593276978, mi_uv_sum -0.008895397186279297
(2440429568, 23710007296)
Train Epoch: 1 [8500/33236 (26%)], loss_tgt -103.76122283935547, l2_emb 0, mi_f0_sum -94.39756774902344, mi_uv_sum -9.363649368286133
(2440429568, 23710007296)
Train Epoch: 1 [9000/33236 (27%)], loss_tgt 91.09419250488281, l2_emb 0, mi_f0_sum 87.45095825195312, mi_uv_sum 3.6432342529296875
(2440429568, 23710007296)
Train Epoch: 1 [9500/33236 (29%)], loss_tgt -531.1627197265625, l2_emb 0, mi_f0_sum -478.36505126953125, mi_uv_sum -52.79766082763672
(2440429568, 23710007296)
Train Epoch: 1 [10000/33236 (30%)], loss_tgt 111.30105590820312, l2_emb 0, mi_f0_sum 116.62857055664062, mi_uv_sum -5.3275146484375
(2440429568, 23710007296)
Train Epoch: 1 [10500/33236 (32%)], loss_tgt 22.698623657226562, l2_emb 0, mi_f0_sum 40.16664123535156, mi_uv_sum -17.468017578125
(2440429568, 23710007296)
Train Epoch: 1 [11000/33236 (33%)], loss_tgt -243.64559936523438, l2_emb 0, mi_f0_sum -243.04971313476562, mi_uv_sum -0.59588623046875
(2440429568, 23710007296)
Train Epoch: 1 [11500/33236 (35%)], loss_tgt -213.762451171875, l2_emb 0, mi_f0_sum -152.5845947265625, mi_uv_sum -61.1778564453125
(2440429568, 23710007296)
Train Epoch: 1 [12000/33236 (36%)], loss_tgt 45.62001037597656, l2_emb 0, mi_f0_sum 48.87281799316406, mi_uv_sum -3.2528076171875
(2440429568, 23710007296)
Train Epoch: 1 [12500/33236 (38%)], loss_tgt 91.82661437988281, l2_emb 0, mi_f0_sum 89.77894592285156, mi_uv_sum 2.04766845703125
(2440429568, 23710007296)
Train Epoch: 1 [13000/33236 (39%)], loss_tgt -1109.826416015625, l2_emb 0, mi_f0_sum -1038.4244384765625, mi_uv_sum -71.40203857421875
(2440429568, 23710007296)
Train Epoch: 1 [13500/33236 (41%)], loss_tgt 17808.955078125, l2_emb 0, mi_f0_sum 20327.076171875, mi_uv_sum -2518.119873046875
(2440429568, 23710007296)
Train Epoch: 1 [14000/33236 (42%)], loss_tgt -119962124288.0, l2_emb 0, mi_f0_sum -119965573120.0, mi_uv_sum 3447505.0
got nan torch.Size([5, 32, 24000]) Conv1d(1, 32, kernel_size=(7,), stride=(1,))
