Missing keys: ['conv_scale.weight', 'conv_scale.bias', 'fc1.weight', 'fc1.bias', 'fc2.weight', 'fc2.bias', 'conv_out.weight', 'conv_out.bias']
----------------------------------------Epoch: 1----------------------------------------
(2469789696, 23710007296)
Train Epoch: 1 [0/33236 (0%)], loss_tgt 66.0638198852539, l2_emb 19.195524215698242, mi_f0_sum 0.0018402934074401855, mi_uv_sum 0.0035377144813537598
(2457206784, 23710007296)
Train Epoch: 1 [500/33236 (2%)], loss_tgt 4.091404914855957, l2_emb 1.0740169286727905, mi_f0_sum -0.14190828800201416, mi_uv_sum -0.00923454761505127
(2457206784, 23710007296)
Train Epoch: 1 [1000/33236 (3%)], loss_tgt 3.618283748626709, l2_emb 1.0954324007034302, mi_f0_sum -0.02573871612548828, mi_uv_sum -0.010351479053497314
(2457206784, 23710007296)
Train Epoch: 1 [1500/33236 (5%)], loss_tgt -20.24710464477539, l2_emb 4.315340995788574, mi_f0_sum -63.548667907714844, mi_uv_sum 28.08934783935547
(2457206784, 23710007296)
Train Epoch: 1 [2000/33236 (6%)], loss_tgt -1988.649169921875, l2_emb 1.0984739065170288, mi_f0_sum -2071.18115234375, mi_uv_sum 78.96343994140625
(2457206784, 23710007296)
Train Epoch: 1 [2500/33236 (8%)], loss_tgt -165.49942016601562, l2_emb 0.8009710311889648, mi_f0_sum -209.49609375, mi_uv_sum 40.33058166503906
(2457206784, 23710007296)
Train Epoch: 1 [3000/33236 (9%)], loss_tgt -795.8734741210938, l2_emb 2.037083387374878, mi_f0_sum -889.9600219726562, mi_uv_sum 89.50759887695312
(2457206784, 23710007296)
Train Epoch: 1 [3500/33236 (11%)], loss_tgt 17.143980026245117, l2_emb 1.6503280401229858, mi_f0_sum -71.8150634765625, mi_uv_sum 84.196044921875
(2457206784, 23710007296)
Train Epoch: 1 [4000/33236 (12%)], loss_tgt -374.2835998535156, l2_emb 1.9271481037139893, mi_f0_sum -420.15771484375, mi_uv_sum 41.01019287109375
(2457206784, 23710007296)
Train Epoch: 1 [4500/33236 (14%)], loss_tgt -250.3260040283203, l2_emb 0.5707545280456543, mi_f0_sum -330.1251220703125, mi_uv_sum 76.813232421875
(2457206784, 23710007296)
Train Epoch: 1 [5000/33236 (15%)], loss_tgt -688.601318359375, l2_emb 0.24253533780574799, mi_f0_sum -751.605224609375, mi_uv_sum 60.5523681640625
(2457206784, 23710007296)
Train Epoch: 1 [5500/33236 (17%)], loss_tgt 374.0967102050781, l2_emb 1.0454143285751343, mi_f0_sum 368.9677734375, mi_uv_sum 1.5045166015625
(2457206784, 23710007296)
Train Epoch: 1 [6000/33236 (18%)], loss_tgt -263.6025695800781, l2_emb 2.3820302486419678, mi_f0_sum -294.385498046875, mi_uv_sum 25.4088134765625
(2457206784, 23710007296)
Train Epoch: 1 [6500/33236 (20%)], loss_tgt -1042.669921875, l2_emb 1.7540991306304932, mi_f0_sum -1148.800048828125, mi_uv_sum 101.82684326171875
(2457206784, 23710007296)
Train Epoch: 1 [7000/33236 (21%)], loss_tgt 34909.6015625, l2_emb 1.916062593460083, mi_f0_sum 35544.29296875, mi_uv_sum -639.0623779296875
(2457206784, 23710007296)
Train Epoch: 1 [7500/33236 (23%)], loss_tgt -6472.87109375, l2_emb 0.5355547070503235, mi_f0_sum -7181.86328125, mi_uv_sum 706.1476440429688
(2457206784, 23710007296)
Train Epoch: 1 [8000/33236 (24%)], loss_tgt 3.857332468032837, l2_emb 0.8595089912414551, mi_f0_sum 0.48350703716278076, mi_uv_sum -0.00150376558303833
(2457206784, 23710007296)
Train Epoch: 1 [8500/33236 (26%)], loss_tgt -12.816741943359375, l2_emb 4.635959625244141, mi_f0_sum -21.516496658325195, mi_uv_sum 0.00418621301651001
(2457206784, 23710007296)
Train Epoch: 1 [9000/33236 (27%)], loss_tgt 17.1075439453125, l2_emb 3.8532776832580566, mi_f0_sum 1.101950764656067, mi_uv_sum 0.10253220796585083
(2457206784, 23710007296)
Train Epoch: 1 [9500/33236 (29%)], loss_tgt -79.4261474609375, l2_emb 0.6111006736755371, mi_f0_sum -96.4168701171875, mi_uv_sum 14.223182678222656
(2457206784, 23710007296)
Train Epoch: 1 [10000/33236 (30%)], loss_tgt -798.8680419921875, l2_emb 1.0670734643936157, mi_f0_sum -805.0784912109375, mi_uv_sum 2.8598380088806152
(2457206784, 23710007296)
Train Epoch: 1 [10500/33236 (32%)], loss_tgt -4323.7470703125, l2_emb 0.8485698699951172, mi_f0_sum -4841.279296875, mi_uv_sum 514.135009765625
(2457206784, 23710007296)
Train Epoch: 1 [11000/33236 (33%)], loss_tgt -31309.89453125, l2_emb 0.5852999091148376, mi_f0_sum -31468.49609375, mi_uv_sum 155.390625
(2457206784, 23710007296)
Train Epoch: 1 [11500/33236 (35%)], loss_tgt -61051.6171875, l2_emb 1.6941035985946655, mi_f0_sum -75036.28125, mi_uv_sum 13980.580078125
(2457206784, 23710007296)
Train Epoch: 1 [12000/33236 (36%)], loss_tgt -26625.5625, l2_emb 0.8366894125938416, mi_f0_sum -33929.9453125, mi_uv_sum 7300.6796875
(2457206784, 23710007296)
Train Epoch: 1 [12500/33236 (38%)], loss_tgt -1125021.125, l2_emb 0.705340564250946, mi_f0_sum -1140606.125, mi_uv_sum 15581.44140625
got nan torch.Size([5, 32, 24000]) Conv1d(1, 32, kernel_size=(7,), stride=(1,))
