Missing keys: ['scale', 'bias']
----------------------------------------Epoch: 1----------------------------------------
(3371565056, 23710007296)
Train Epoch: 1 [0/33236 (0%)], loss_tgt 72.19226837158203, l2_emb 19.45203971862793, mi_f0_sum 0.008046209812164307, mi_uv_sum -0.0015669465065002441
(3358982144, 23710007296)
Train Epoch: 1 [500/33236 (2%)], loss_tgt 27.60658073425293, l2_emb 6.6282958984375, mi_f0_sum -0.14769858121871948, mi_uv_sum -0.0010209083557128906
(3358982144, 23710007296)
Train Epoch: 1 [1000/33236 (3%)], loss_tgt -3.2911629676818848, l2_emb 5.014546871185303, mi_f0_sum -7.75982666015625, mi_uv_sum -19.684158325195312
(3358982144, 23710007296)
Train Epoch: 1 [1500/33236 (5%)], loss_tgt -139.35287475585938, l2_emb 8.2111234664917, mi_f0_sum -122.64161682128906, mi_uv_sum -41.081275939941406
(3358982144, 23710007296)
Train Epoch: 1 [2000/33236 (6%)], loss_tgt -7.535861492156982, l2_emb 3.346285343170166, mi_f0_sum 37.045406341552734, mi_uv_sum -60.17690658569336
(3358982144, 23710007296)
Train Epoch: 1 [2500/33236 (8%)], loss_tgt -45.59612274169922, l2_emb 5.234005928039551, mi_f0_sum -63.424747467041016, mi_uv_sum -1.5973564386367798
(3358982144, 23710007296)
Train Epoch: 1 [3000/33236 (9%)], loss_tgt -8.576956748962402, l2_emb 3.965641736984253, mi_f0_sum -12.842584609985352, mi_uv_sum -12.027328491210938
(3358982144, 23710007296)
Train Epoch: 1 [3500/33236 (11%)], loss_tgt 2.2779088020324707, l2_emb 3.6675376892089844, mi_f0_sum -15.103368759155273, mi_uv_sum 3.5412673950195312
(3358982144, 23710007296)
Train Epoch: 1 [4000/33236 (12%)], loss_tgt -55.47028350830078, l2_emb 3.4977478981018066, mi_f0_sum -44.62738037109375, mi_uv_sum -24.190181732177734
(3358982144, 23710007296)
Train Epoch: 1 [4500/33236 (14%)], loss_tgt -186.61651611328125, l2_emb 1.6058443784713745, mi_f0_sum -160.58375549316406, mi_uv_sum -35.51410675048828
(3358982144, 23710007296)
Train Epoch: 1 [5000/33236 (15%)], loss_tgt -69.56990051269531, l2_emb 3.0149497985839844, mi_f0_sum -75.95799255371094, mi_uv_sum -3.0681076049804688
(3358982144, 23710007296)
Train Epoch: 1 [5500/33236 (17%)], loss_tgt -13.130791664123535, l2_emb 1.4008277654647827, mi_f0_sum -18.641366958618164, mi_uv_sum -3.180194139480591
(3358982144, 23710007296)
Train Epoch: 1 [6000/33236 (18%)], loss_tgt -70.51736450195312, l2_emb 0.9068523645401001, mi_f0_sum -64.52603912353516, mi_uv_sum -11.934976577758789
(3358982144, 23710007296)
Train Epoch: 1 [6500/33236 (20%)], loss_tgt -19.750465393066406, l2_emb 2.0740764141082764, mi_f0_sum -1.611253261566162, mi_uv_sum -27.64484405517578
(3358982144, 23710007296)
Train Epoch: 1 [7000/33236 (21%)], loss_tgt -312.44329833984375, l2_emb 2.3483073711395264, mi_f0_sum -263.6839904785156, mi_uv_sum -56.186832427978516
(3358982144, 23710007296)
Train Epoch: 1 [7500/33236 (23%)], loss_tgt -313.50909423828125, l2_emb 2.8147666454315186, mi_f0_sum -278.8399963378906, mi_uv_sum -42.581695556640625
(3358982144, 23710007296)
Train Epoch: 1 [8000/33236 (24%)], loss_tgt -416.9921875, l2_emb 1.9258114099502563, mi_f0_sum -297.68255615234375, mi_uv_sum -125.14419555664062
(3358982144, 23710007296)
Train Epoch: 1 [8500/33236 (26%)], loss_tgt -393.8848571777344, l2_emb 0.7540579438209534, mi_f0_sum -262.17779541015625, mi_uv_sum -135.8296661376953
(3358982144, 23710007296)
Train Epoch: 1 [9000/33236 (27%)], loss_tgt -9.825189590454102, l2_emb 1.6421642303466797, mi_f0_sum -11.705609321594238, mi_uv_sum -2.834360122680664
(3358982144, 23710007296)
Train Epoch: 1 [9500/33236 (29%)], loss_tgt -15.628852844238281, l2_emb 0.9827426075935364, mi_f0_sum -15.327845573425293, mi_uv_sum -4.682480812072754
(3358982144, 23710007296)
Train Epoch: 1 [10000/33236 (30%)], loss_tgt -16.426559448242188, l2_emb 4.8211350440979, mi_f0_sum -24.729328155517578, mi_uv_sum -6.4190473556518555
(3358982144, 23710007296)
Train Epoch: 1 [10500/33236 (32%)], loss_tgt -23.37874412536621, l2_emb 0.7625291347503662, mi_f0_sum -21.410839080810547, mi_uv_sum -4.920046329498291
(3358982144, 23710007296)
Train Epoch: 1 [11000/33236 (33%)], loss_tgt -43.4255256652832, l2_emb 1.262722373008728, mi_f0_sum -45.380706787109375, mi_uv_sum -1.4772834777832031
(3358982144, 23710007296)
Train Epoch: 1 [11500/33236 (35%)], loss_tgt -887.3189086914062, l2_emb 2.003882884979248, mi_f0_sum -714.1644287109375, mi_uv_sum -178.98422241210938
(3358982144, 23710007296)
Train Epoch: 1 [12000/33236 (36%)], loss_tgt -30.496479034423828, l2_emb 0.7721351981163025, mi_f0_sum -17.31175994873047, mi_uv_sum -16.08490753173828
(3358982144, 23710007296)
Train Epoch: 1 [12500/33236 (38%)], loss_tgt -458.99725341796875, l2_emb 0.7895531058311462, mi_f0_sum -391.9834289550781, mi_uv_sum -70.85446166992188
(3358982144, 23710007296)
Train Epoch: 1 [13000/33236 (39%)], loss_tgt 155.16944885253906, l2_emb 1.3484299182891846, mi_f0_sum 142.74325561523438, mi_uv_sum 8.559304237365723
(3358982144, 23710007296)
Train Epoch: 1 [13500/33236 (41%)], loss_tgt -692.2052612304688, l2_emb 2.1581532955169678, mi_f0_sum -517.2211303710938, mi_uv_sum -180.0030517578125
(3358982144, 23710007296)
Train Epoch: 1 [14000/33236 (42%)], loss_tgt -935.13427734375, l2_emb 1.6677969694137573, mi_f0_sum -725.4100341796875, mi_uv_sum -213.6925811767578
(3358982144, 23710007296)
Train Epoch: 1 [14500/33236 (44%)], loss_tgt -2188.1181640625, l2_emb 0.6499708890914917, mi_f0_sum -1888.8309326171875, mi_uv_sum -302.1220397949219
(3358982144, 23710007296)
Train Epoch: 1 [15000/33236 (45%)], loss_tgt -2645.13916015625, l2_emb 1.3312755823135376, mi_f0_sum -1412.67578125, mi_uv_sum -1236.147705078125
(3358982144, 23710007296)
Train Epoch: 1 [15500/33236 (47%)], loss_tgt -1921.640869140625, l2_emb 1.1439412832260132, mi_f0_sum -2251.633544921875, mi_uv_sum 326.3004150390625
(3358982144, 23710007296)
Train Epoch: 1 [16000/33236 (48%)], loss_tgt -3174.3193359375, l2_emb 1.8431452512741089, mi_f0_sum -2583.9072265625, mi_uv_sum -595.0594482421875
(3358982144, 23710007296)
Train Epoch: 1 [16500/33236 (50%)], loss_tgt -24972.107421875, l2_emb 1.4119741916656494, mi_f0_sum -9477.314453125, mi_uv_sum -15498.978515625
(3358982144, 23710007296)
Train Epoch: 1 [17000/33236 (51%)], loss_tgt 5.125169277191162, l2_emb 1.668478012084961, mi_f0_sum 0.0020778775215148926, mi_uv_sum -0.002315819263458252
(3358982144, 23710007296)
Train Epoch: 1 [17500/33236 (53%)], loss_tgt 3.7473855018615723, l2_emb 1.6807464361190796, mi_f0_sum -0.002176344394683838, mi_uv_sum -0.001300215721130371
(3358982144, 23710007296)
Train Epoch: 1 [18000/33236 (54%)], loss_tgt 4.102433204650879, l2_emb 1.8192923069000244, mi_f0_sum -0.01101142168045044, mi_uv_sum 0.0009722113609313965
(3358982144, 23710007296)
Train Epoch: 1 [18500/33236 (56%)], loss_tgt 6.963032245635986, l2_emb 3.2965424060821533, mi_f0_sum -0.002380073070526123, mi_uv_sum -0.0009866952896118164
(3358982144, 23710007296)
Train Epoch: 1 [19000/33236 (57%)], loss_tgt 3.9913649559020996, l2_emb 1.4376487731933594, mi_f0_sum -0.005205631256103516, mi_uv_sum 0.00023651123046875
(3358982144, 23710007296)
Train Epoch: 1 [19500/33236 (59%)], loss_tgt 3.773128032684326, l2_emb 1.7276031970977783, mi_f0_sum 0.0007600188255310059, mi_uv_sum -0.0005998015403747559
(3358982144, 23710007296)
Train Epoch: 1 [20000/33236 (60%)], loss_tgt 4.686354160308838, l2_emb 2.0840394496917725, mi_f0_sum -0.0050612688064575195, mi_uv_sum -0.0033406615257263184
(3358982144, 23710007296)
Train Epoch: 1 [20500/33236 (62%)], loss_tgt 4.032205581665039, l2_emb 1.1242830753326416, mi_f0_sum -0.010029613971710205, mi_uv_sum 0.00017696619033813477
(3358982144, 23710007296)
Train Epoch: 1 [21000/33236 (63%)], loss_tgt 3.5858073234558105, l2_emb 0.7740445137023926, mi_f0_sum 0.003121495246887207, mi_uv_sum -0.0019980669021606445
(3358982144, 23710007296)
Train Epoch: 1 [21500/33236 (65%)], loss_tgt 4.851218223571777, l2_emb 1.8638404607772827, mi_f0_sum -0.00011491775512695312, mi_uv_sum -0.0009192228317260742
(3358982144, 23710007296)
Train Epoch: 1 [22000/33236 (66%)], loss_tgt 3.993062973022461, l2_emb 1.6515640020370483, mi_f0_sum -0.007024884223937988, mi_uv_sum -0.0007729530334472656
(3358982144, 23710007296)
Train Epoch: 1 [22500/33236 (68%)], loss_tgt 3.912679672241211, l2_emb 1.640997290611267, mi_f0_sum -0.004283130168914795, mi_uv_sum -0.0007069706916809082
(3358982144, 23710007296)
Train Epoch: 1 [23000/33236 (69%)], loss_tgt 3.3398120403289795, l2_emb 1.0977671146392822, mi_f0_sum -0.0038781166076660156, mi_uv_sum 3.713369369506836e-05
(3358982144, 23710007296)
Train Epoch: 1 [23500/33236 (71%)], loss_tgt 2.7724609375, l2_emb 0.7531289458274841, mi_f0_sum 0.0003636479377746582, mi_uv_sum 0.0007917881011962891
(3358982144, 23710007296)
Train Epoch: 1 [24000/33236 (72%)], loss_tgt 3.593510150909424, l2_emb 1.5684086084365845, mi_f0_sum 0.0012401938438415527, mi_uv_sum -0.0001887679100036621
(3358982144, 23710007296)
Train Epoch: 1 [24500/33236 (74%)], loss_tgt 4.144321441650391, l2_emb 1.3840606212615967, mi_f0_sum -0.005162477493286133, mi_uv_sum 8.893013000488281e-05
(3358982144, 23710007296)
Train Epoch: 1 [25000/33236 (75%)], loss_tgt 3.856894016265869, l2_emb 1.4202646017074585, mi_f0_sum -0.002969205379486084, mi_uv_sum -0.0006135702133178711
(3358982144, 23710007296)
Train Epoch: 1 [25500/33236 (77%)], loss_tgt 3.4396567344665527, l2_emb 1.2849844694137573, mi_f0_sum -0.0028156638145446777, mi_uv_sum -0.0023705363273620605
(3358982144, 23710007296)
Train Epoch: 1 [26000/33236 (78%)], loss_tgt 3.3116979598999023, l2_emb 0.5592207312583923, mi_f0_sum 0.0036413073539733887, mi_uv_sum -0.0017696022987365723
(3358982144, 23710007296)
Train Epoch: 1 [26500/33236 (80%)], loss_tgt 3.090688943862915, l2_emb 0.8834293484687805, mi_f0_sum -0.006939351558685303, mi_uv_sum -0.0007023811340332031
(3358982144, 23710007296)
Train Epoch: 1 [27000/33236 (81%)], loss_tgt 3.607557773590088, l2_emb 1.3088806867599487, mi_f0_sum -0.003078937530517578, mi_uv_sum 9.834766387939453e-06
(3358982144, 23710007296)
Train Epoch: 1 [27500/33236 (83%)], loss_tgt 15.234251022338867, l2_emb 4.026001930236816, mi_f0_sum -0.0041547417640686035, mi_uv_sum 0.0011278986930847168
(3358982144, 23710007296)
Train Epoch: 1 [28000/33236 (84%)], loss_tgt 4.113260269165039, l2_emb 1.5840370655059814, mi_f0_sum -0.007899820804595947, mi_uv_sum 0.0007789134979248047
(3358982144, 23710007296)
Train Epoch: 1 [28500/33236 (86%)], loss_tgt 3.4596095085144043, l2_emb 1.0745859146118164, mi_f0_sum -0.0016366243362426758, mi_uv_sum -0.002887547016143799
(3358982144, 23710007296)
Train Epoch: 1 [29000/33236 (87%)], loss_tgt 4.799624443054199, l2_emb 1.2037054300308228, mi_f0_sum 0.0004355311393737793, mi_uv_sum -0.00014579296112060547
(3358982144, 23710007296)
Train Epoch: 1 [29500/33236 (89%)], loss_tgt 5.18502140045166, l2_emb 2.5555386543273926, mi_f0_sum -0.0031144022941589355, mi_uv_sum -0.0016687512397766113
(3358982144, 23710007296)
Train Epoch: 1 [30000/33236 (90%)], loss_tgt 4.090660095214844, l2_emb 1.6573011875152588, mi_f0_sum -0.003223419189453125, mi_uv_sum -0.0011123418807983398
(3358982144, 23710007296)
Train Epoch: 1 [30500/33236 (92%)], loss_tgt 2.9352121353149414, l2_emb 0.996675431728363, mi_f0_sum -0.0026917457580566406, mi_uv_sum -0.0014995932579040527
(3358982144, 23710007296)
Train Epoch: 1 [31000/33236 (93%)], loss_tgt 3.5143299102783203, l2_emb 1.016517996788025, mi_f0_sum 0.0018081068992614746, mi_uv_sum -0.00021719932556152344
(3358982144, 23710007296)
Train Epoch: 1 [31500/33236 (95%)], loss_tgt 2.268700361251831, l2_emb 0.35258886218070984, mi_f0_sum -0.009939849376678467, mi_uv_sum -0.00043839216232299805
(3358982144, 23710007296)
Train Epoch: 1 [32000/33236 (96%)], loss_tgt 1.9141829013824463, l2_emb 0.4441494941711426, mi_f0_sum -0.018831074237823486, mi_uv_sum -0.00279313325881958
(3358982144, 23710007296)
Train Epoch: 1 [32500/33236 (98%)], loss_tgt 3.7502260208129883, l2_emb 1.349265694618225, mi_f0_sum -0.013361513614654541, mi_uv_sum -0.003625035285949707
(3358982144, 23710007296)
Train Epoch: 1 [33000/33236 (99%)], loss_tgt 3.000061273574829, l2_emb 0.8651604056358337, mi_f0_sum -0.03304731845855713, mi_uv_sum -0.0025281906127929688
----------------------------------------Epoch: 2----------------------------------------
(3759538176, 23710007296)
Train Epoch: 2 [0/33236 (0%)], loss_tgt 3.1022896766662598, l2_emb 0.8111611604690552, mi_f0_sum -0.005997896194458008, mi_uv_sum -0.003565967082977295
(3759538176, 23710007296)
Train Epoch: 2 [500/33236 (2%)], loss_tgt 4.861066818237305, l2_emb 2.0615811347961426, mi_f0_sum -0.00908660888671875, mi_uv_sum -0.006356239318847656
(3759538176, 23710007296)
Train Epoch: 2 [1000/33236 (3%)], loss_tgt 2.9958744049072266, l2_emb 0.9580265283584595, mi_f0_sum -0.04035919904708862, mi_uv_sum -0.0029090046882629395
got nan torch.Size([5, 32, 24000]) Conv1d(1, 32, kernel_size=(7,), stride=(1,))
