Missing keys: ['conv_scale.weight', 'conv_scale.bias', 'fc1.weight', 'fc1.bias', 'fc2.weight', 'fc2.bias', 'conv_out.weight', 'conv_out.bias']
----------------------------------------Epoch: 1----------------------------------------
(13105627136, 23710007296)
Train Epoch: 1 [0/33236 (0%)], loss_tgt 73.29517364501953, l2_emb 21.973318099975586, mi_f0_sum 0, mi_uv_sum 0
(13093044224, 23710007296)
Train Epoch: 1 [500/33236 (2%)], loss_tgt 6.84486198425293, l2_emb 1.9512369632720947, mi_f0_sum 0, mi_uv_sum 0
(13093044224, 23710007296)
Train Epoch: 1 [1000/33236 (3%)], loss_tgt 3.240454912185669, l2_emb 0.4058551490306854, mi_f0_sum 0, mi_uv_sum 0
(13093044224, 23710007296)
Train Epoch: 1 [1500/33236 (5%)], loss_tgt 3.354828119277954, l2_emb 0.757807195186615, mi_f0_sum 0, mi_uv_sum 0
(13093044224, 23710007296)
Train Epoch: 1 [2000/33236 (6%)], loss_tgt 3.2557191848754883, l2_emb 0.6450933814048767, mi_f0_sum 0, mi_uv_sum 0
(13093044224, 23710007296)
Train Epoch: 1 [2500/33236 (8%)], loss_tgt 2.994623899459839, l2_emb 1.0032869577407837, mi_f0_sum 0, mi_uv_sum 0
(13093044224, 23710007296)
Train Epoch: 1 [3000/33236 (9%)], loss_tgt 3.8475637435913086, l2_emb 1.2680562734603882, mi_f0_sum 0, mi_uv_sum 0
(13093044224, 23710007296)
Train Epoch: 1 [3500/33236 (11%)], loss_tgt 3.130972385406494, l2_emb 1.5064114332199097, mi_f0_sum 0, mi_uv_sum 0
(13093044224, 23710007296)
Train Epoch: 1 [4000/33236 (12%)], loss_tgt 3.99540114402771, l2_emb 1.5524821281433105, mi_f0_sum 0, mi_uv_sum 0
(13093044224, 23710007296)
Train Epoch: 1 [4500/33236 (14%)], loss_tgt 2.6534628868103027, l2_emb 0.908576488494873, mi_f0_sum 0, mi_uv_sum 0
(13093044224, 23710007296)
Train Epoch: 1 [5000/33236 (15%)], loss_tgt 3.3924708366394043, l2_emb 1.5990055799484253, mi_f0_sum 0, mi_uv_sum 0
(13093044224, 23710007296)
Train Epoch: 1 [5500/33236 (17%)], loss_tgt 2.7822203636169434, l2_emb 0.7271187901496887, mi_f0_sum 0, mi_uv_sum 0
(13093044224, 23710007296)
Train Epoch: 1 [6000/33236 (18%)], loss_tgt 1.8845908641815186, l2_emb 0.4781782329082489, mi_f0_sum 0, mi_uv_sum 0
(13093044224, 23710007296)
Train Epoch: 1 [6500/33236 (20%)], loss_tgt 2.647207260131836, l2_emb 0.6573256254196167, mi_f0_sum 0, mi_uv_sum 0
(13093044224, 23710007296)
Train Epoch: 1 [7000/33236 (21%)], loss_tgt 2.822544574737549, l2_emb 0.9735965728759766, mi_f0_sum 0, mi_uv_sum 0
(13093044224, 23710007296)
Train Epoch: 1 [7500/33236 (23%)], loss_tgt 2.912686824798584, l2_emb 1.1639493703842163, mi_f0_sum 0, mi_uv_sum 0
(13093044224, 23710007296)
Train Epoch: 1 [8000/33236 (24%)], loss_tgt 2.58593487739563, l2_emb 0.8857265710830688, mi_f0_sum 0, mi_uv_sum 0
(13093044224, 23710007296)
Train Epoch: 1 [8500/33236 (26%)], loss_tgt 2.5012526512145996, l2_emb 0.6481783986091614, mi_f0_sum 0, mi_uv_sum 0
(13093044224, 23710007296)
Train Epoch: 1 [9000/33236 (27%)], loss_tgt 2.9290547370910645, l2_emb 1.3383911848068237, mi_f0_sum 0, mi_uv_sum 0
(13093044224, 23710007296)
Train Epoch: 1 [9500/33236 (29%)], loss_tgt 3.7594189643859863, l2_emb 2.0664918422698975, mi_f0_sum 0, mi_uv_sum 0
(13093044224, 23710007296)
Train Epoch: 1 [10000/33236 (30%)], loss_tgt 2.5329339504241943, l2_emb 0.832194983959198, mi_f0_sum 0, mi_uv_sum 0
(13093044224, 23710007296)
Train Epoch: 1 [10500/33236 (32%)], loss_tgt 2.754328489303589, l2_emb 0.9168705940246582, mi_f0_sum 0, mi_uv_sum 0
(13093044224, 23710007296)
Train Epoch: 1 [11000/33236 (33%)], loss_tgt 3.2453560829162598, l2_emb 0.8033893704414368, mi_f0_sum 0, mi_uv_sum 0
(13093044224, 23710007296)
Train Epoch: 1 [11500/33236 (35%)], loss_tgt 2.2145700454711914, l2_emb 0.8921386003494263, mi_f0_sum 0, mi_uv_sum 0
(13093044224, 23710007296)
Train Epoch: 1 [12000/33236 (36%)], loss_tgt 4.8232340812683105, l2_emb 1.1638420820236206, mi_f0_sum 0, mi_uv_sum 0
(13093044224, 23710007296)
Train Epoch: 1 [12500/33236 (38%)], loss_tgt 3.0789451599121094, l2_emb 1.075230598449707, mi_f0_sum 0, mi_uv_sum 0
(13093044224, 23710007296)
Train Epoch: 1 [13000/33236 (39%)], loss_tgt 2.592775344848633, l2_emb 1.1568883657455444, mi_f0_sum 0, mi_uv_sum 0
(13093044224, 23710007296)
Train Epoch: 1 [13500/33236 (41%)], loss_tgt 2.0296103954315186, l2_emb 0.7776067852973938, mi_f0_sum 0, mi_uv_sum 0
(13093044224, 23710007296)
Train Epoch: 1 [14000/33236 (42%)], loss_tgt 2.394148349761963, l2_emb 0.5845186114311218, mi_f0_sum 0, mi_uv_sum 0
(13093044224, 23710007296)
Train Epoch: 1 [14500/33236 (44%)], loss_tgt 3.4446139335632324, l2_emb 1.5016683340072632, mi_f0_sum 0, mi_uv_sum 0
(13093044224, 23710007296)
Train Epoch: 1 [15000/33236 (45%)], loss_tgt 2.454031229019165, l2_emb 0.9137882590293884, mi_f0_sum 0, mi_uv_sum 0
(13093044224, 23710007296)
Train Epoch: 1 [15500/33236 (47%)], loss_tgt 1.8261125087738037, l2_emb 0.5377287864685059, mi_f0_sum 0, mi_uv_sum 0
(13093044224, 23710007296)
Train Epoch: 1 [16000/33236 (48%)], loss_tgt 1.3618885278701782, l2_emb 0.15016987919807434, mi_f0_sum 0, mi_uv_sum 0
(13093044224, 23710007296)
Train Epoch: 1 [16500/33236 (50%)], loss_tgt 2.214881658554077, l2_emb 0.6375071406364441, mi_f0_sum 0, mi_uv_sum 0
(13093044224, 23710007296)
Train Epoch: 1 [17000/33236 (51%)], loss_tgt 2.4268641471862793, l2_emb 0.9117363095283508, mi_f0_sum 0, mi_uv_sum 0
(13093044224, 23710007296)
Train Epoch: 1 [17500/33236 (53%)], loss_tgt 2.6158714294433594, l2_emb 0.9378660321235657, mi_f0_sum 0, mi_uv_sum 0
(13093044224, 23710007296)
Train Epoch: 1 [18000/33236 (54%)], loss_tgt 14.662556648254395, l2_emb 3.326740264892578, mi_f0_sum 0, mi_uv_sum 0
(13093044224, 23710007296)
Train Epoch: 1 [18500/33236 (56%)], loss_tgt 2.3066296577453613, l2_emb 0.6298301219940186, mi_f0_sum 0, mi_uv_sum 0
(13093044224, 23710007296)
Train Epoch: 1 [19000/33236 (57%)], loss_tgt 2.4077794551849365, l2_emb 0.7331704497337341, mi_f0_sum 0, mi_uv_sum 0
(13093044224, 23710007296)
Train Epoch: 1 [19500/33236 (59%)], loss_tgt 2.991359233856201, l2_emb 0.8410542607307434, mi_f0_sum 0, mi_uv_sum 0
(2457206784, 23710007296)
Train Epoch: 1 [20000/33236 (60%)], loss_tgt 2.394390344619751, l2_emb 0.7532065510749817, mi_f0_sum 0, mi_uv_sum 0
(2457206784, 23710007296)
Train Epoch: 1 [20500/33236 (62%)], loss_tgt 3.2480218410491943, l2_emb 1.3393949270248413, mi_f0_sum 0, mi_uv_sum 0
(2457206784, 23710007296)
Train Epoch: 1 [21000/33236 (63%)], loss_tgt 2.5094261169433594, l2_emb 0.7228811979293823, mi_f0_sum 0, mi_uv_sum 0
(2457206784, 23710007296)
Train Epoch: 1 [21500/33236 (65%)], loss_tgt 2.5572662353515625, l2_emb 0.7802630662918091, mi_f0_sum 0, mi_uv_sum 0
(2457206784, 23710007296)
Train Epoch: 1 [22000/33236 (66%)], loss_tgt 1.9017422199249268, l2_emb 0.44936734437942505, mi_f0_sum 0, mi_uv_sum 0
(2457206784, 23710007296)
Train Epoch: 1 [22500/33236 (68%)], loss_tgt 2.1251089572906494, l2_emb 0.6925811767578125, mi_f0_sum 0, mi_uv_sum 0
(2457206784, 23710007296)
Train Epoch: 1 [23000/33236 (69%)], loss_tgt 2.496384620666504, l2_emb 0.8563623428344727, mi_f0_sum 0, mi_uv_sum 0
(2457206784, 23710007296)
Train Epoch: 1 [23500/33236 (71%)], loss_tgt 3.398801803588867, l2_emb 1.670950174331665, mi_f0_sum 0, mi_uv_sum 0
(2457206784, 23710007296)
Train Epoch: 1 [24000/33236 (72%)], loss_tgt 2.2453362941741943, l2_emb 0.49062472581863403, mi_f0_sum 0, mi_uv_sum 0
(2457206784, 23710007296)
Train Epoch: 1 [24500/33236 (74%)], loss_tgt 2.1252450942993164, l2_emb 0.5516796112060547, mi_f0_sum 0, mi_uv_sum 0
(2457206784, 23710007296)
Train Epoch: 1 [25000/33236 (75%)], loss_tgt 1.9075132608413696, l2_emb 0.6089863777160645, mi_f0_sum 0, mi_uv_sum 0
(2457206784, 23710007296)
Train Epoch: 1 [25500/33236 (77%)], loss_tgt 2.9532997608184814, l2_emb 0.9482815861701965, mi_f0_sum 0, mi_uv_sum 0
(2457206784, 23710007296)
Train Epoch: 1 [26000/33236 (78%)], loss_tgt 2.5623831748962402, l2_emb 0.9115127921104431, mi_f0_sum 0, mi_uv_sum 0
(2457206784, 23710007296)
Train Epoch: 1 [26500/33236 (80%)], loss_tgt 2.3705263137817383, l2_emb 0.6315299868583679, mi_f0_sum 0, mi_uv_sum 0
(2457206784, 23710007296)
Train Epoch: 1 [27000/33236 (81%)], loss_tgt 2.252119779586792, l2_emb 0.5258954167366028, mi_f0_sum 0, mi_uv_sum 0
(2457206784, 23710007296)
Train Epoch: 1 [27500/33236 (83%)], loss_tgt 2.4562880992889404, l2_emb 0.7526445388793945, mi_f0_sum 0, mi_uv_sum 0
(2457206784, 23710007296)
Train Epoch: 1 [28000/33236 (84%)], loss_tgt 2.0899620056152344, l2_emb 0.5739696025848389, mi_f0_sum 0, mi_uv_sum 0
(2457206784, 23710007296)
Train Epoch: 1 [28500/33236 (86%)], loss_tgt 2.660883665084839, l2_emb 0.6713364124298096, mi_f0_sum 0, mi_uv_sum 0
(2457206784, 23710007296)
Train Epoch: 1 [29000/33236 (87%)], loss_tgt 1.9808931350708008, l2_emb 0.5220680832862854, mi_f0_sum 0, mi_uv_sum 0
(2457206784, 23710007296)
Train Epoch: 1 [29500/33236 (89%)], loss_tgt 1.6928060054779053, l2_emb 0.43866854906082153, mi_f0_sum 0, mi_uv_sum 0
(2457206784, 23710007296)
Train Epoch: 1 [30000/33236 (90%)], loss_tgt 2.7442073822021484, l2_emb 0.689368724822998, mi_f0_sum 0, mi_uv_sum 0
(2457206784, 23710007296)
Train Epoch: 1 [30500/33236 (92%)], loss_tgt 2.3341009616851807, l2_emb 0.9369568228721619, mi_f0_sum 0, mi_uv_sum 0
(2457206784, 23710007296)
Train Epoch: 1 [31000/33236 (93%)], loss_tgt 3.0615060329437256, l2_emb 1.3055574893951416, mi_f0_sum 0, mi_uv_sum 0
(2457206784, 23710007296)
Train Epoch: 1 [31500/33236 (95%)], loss_tgt 2.2008817195892334, l2_emb 0.9956084489822388, mi_f0_sum 0, mi_uv_sum 0
(2457206784, 23710007296)
Train Epoch: 1 [32000/33236 (96%)], loss_tgt 1.8971271514892578, l2_emb 0.5935253500938416, mi_f0_sum 0, mi_uv_sum 0
(2457206784, 23710007296)
Train Epoch: 1 [32500/33236 (98%)], loss_tgt 3.026524066925049, l2_emb 0.8409355282783508, mi_f0_sum 0, mi_uv_sum 0
(2457206784, 23710007296)
Train Epoch: 1 [33000/33236 (99%)], loss_tgt 3.018747329711914, l2_emb 1.3401082754135132, mi_f0_sum 0, mi_uv_sum 0
Traceback (most recent call last):
  File "/home/xintong/EnCodec_Trainer/training_encoder+scale+mi_rmmi.py", line 220, in <module>
    training(max_epoch=MAX_EPOCH, log_interval=100, fixed_length=0, batch_size=BATCH_SIZE, tensor_cut=TENSOR_CUT)
  File "/home/xintong/EnCodec_Trainer/training_encoder+scale+mi_rmmi.py", line 217, in training
    adjust_learning_rate(optimizer, epoch)
NameError: name 'optimizer' is not defined
