Missing keys: ['conv_scale.weight', 'conv_scale.bias', 'fc1.weight', 'fc1.bias', 'fc2.weight', 'fc2.bias', 'conv_out.weight', 'conv_out.bias']
----------------------------------------Epoch: 1----------------------------------------
(22188392448, 23710007296)
Train Epoch: 1 [0/33236 (0%)], loss_all 18.669260025024414, loss_f0: 16.622509002685547, loss_uv: 2.046750068664551
(21590704128, 23710007296)
Train Epoch: 1 [500/33236 (2%)], loss_all 17.104284286499023, loss_f0: 15.525583267211914, loss_uv: 1.5787012577056885
(21590704128, 23710007296)
Train Epoch: 1 [1000/33236 (3%)], loss_all 17.246522903442383, loss_f0: 16.107135772705078, loss_uv: 1.1393862962722778
(21590704128, 23710007296)
Train Epoch: 1 [1500/33236 (5%)], loss_all 15.465981483459473, loss_f0: 13.96436882019043, loss_uv: 1.5016136169433594
(21590704128, 23710007296)
Train Epoch: 1 [2000/33236 (6%)], loss_all 15.549118995666504, loss_f0: 14.277030944824219, loss_uv: 1.2720887660980225
(21590704128, 23710007296)
Train Epoch: 1 [2500/33236 (8%)], loss_all 15.480581283569336, loss_f0: 13.174434661865234, loss_uv: 2.3061468601226807
(21590704128, 23710007296)
Train Epoch: 1 [3000/33236 (9%)], loss_all 15.132457733154297, loss_f0: 13.576273918151855, loss_uv: 1.5561833381652832
(21590704128, 23710007296)
Train Epoch: 1 [3500/33236 (11%)], loss_all 16.1434268951416, loss_f0: 14.332666397094727, loss_uv: 1.810760736465454
(21590704128, 23710007296)
Train Epoch: 1 [4000/33236 (12%)], loss_all 15.980266571044922, loss_f0: 14.8048095703125, loss_uv: 1.1754575967788696
(21590704128, 23710007296)
Train Epoch: 1 [4500/33236 (14%)], loss_all 15.20295524597168, loss_f0: 13.920405387878418, loss_uv: 1.2825491428375244
(21590704128, 23710007296)
Train Epoch: 1 [5000/33236 (15%)], loss_all 14.39393424987793, loss_f0: 12.950638771057129, loss_uv: 1.443295955657959
(21590704128, 23710007296)
Train Epoch: 1 [5500/33236 (17%)], loss_all 12.496519088745117, loss_f0: 11.453765869140625, loss_uv: 1.0427544116973877
(21590704128, 23710007296)
Train Epoch: 1 [6000/33236 (18%)], loss_all 16.749380111694336, loss_f0: 15.794063568115234, loss_uv: 0.9553160667419434
(21590704128, 23710007296)
Train Epoch: 1 [6500/33236 (20%)], loss_all 15.424666404724121, loss_f0: 14.41978931427002, loss_uv: 1.0048785209655762
(21590704128, 23710007296)
Train Epoch: 1 [7000/33236 (21%)], loss_all 14.039176940917969, loss_f0: 12.690346717834473, loss_uv: 1.3488296270370483
(21590704128, 23710007296)
Train Epoch: 1 [7500/33236 (23%)], loss_all 14.119664192199707, loss_f0: 12.955934524536133, loss_uv: 1.1637301445007324
(21590704128, 23710007296)
Train Epoch: 1 [8000/33236 (24%)], loss_all 15.190930366516113, loss_f0: 14.142461776733398, loss_uv: 1.048467755317688
(21590704128, 23710007296)
Train Epoch: 1 [8500/33236 (26%)], loss_all 16.199499130249023, loss_f0: 14.817983627319336, loss_uv: 1.3815157413482666
(21590704128, 23710007296)
Train Epoch: 1 [9000/33236 (27%)], loss_all 13.890395164489746, loss_f0: 12.877318382263184, loss_uv: 1.0130760669708252
(21590704128, 23710007296)
Train Epoch: 1 [9500/33236 (29%)], loss_all 15.081412315368652, loss_f0: 13.711843490600586, loss_uv: 1.369568109512329
(21590704128, 23710007296)
Train Epoch: 1 [10000/33236 (30%)], loss_all 12.256937026977539, loss_f0: 11.102492332458496, loss_uv: 1.1544444561004639
(21590704128, 23710007296)
Train Epoch: 1 [10500/33236 (32%)], loss_all 13.479187965393066, loss_f0: 12.31843376159668, loss_uv: 1.1607532501220703
(21590704128, 23710007296)
Train Epoch: 1 [11000/33236 (33%)], loss_all 16.978912353515625, loss_f0: 15.869251251220703, loss_uv: 1.1096599102020264
(21590704128, 23710007296)
Train Epoch: 1 [11500/33236 (35%)], loss_all 12.737451553344727, loss_f0: 11.767134666442871, loss_uv: 0.9703161716461182
(21590704128, 23710007296)
Train Epoch: 1 [12000/33236 (36%)], loss_all 16.13555908203125, loss_f0: 14.874526977539062, loss_uv: 1.2610304355621338
(21590704128, 23710007296)
Train Epoch: 1 [12500/33236 (38%)], loss_all 13.858073234558105, loss_f0: 12.625463485717773, loss_uv: 1.2326077222824097
(21590704128, 23710007296)
Train Epoch: 1 [13000/33236 (39%)], loss_all 15.300559043884277, loss_f0: 14.15658950805664, loss_uv: 1.143970012664795
(21590704128, 23710007296)
Train Epoch: 1 [13500/33236 (41%)], loss_all 13.78891372680664, loss_f0: 12.834250450134277, loss_uv: 0.9546627998352051
(21590704128, 23710007296)
Train Epoch: 1 [14000/33236 (42%)], loss_all 14.612332344055176, loss_f0: 13.71055793762207, loss_uv: 0.9017754793167114
(21590704128, 23710007296)
Train Epoch: 1 [14500/33236 (44%)], loss_all 12.053428649902344, loss_f0: 10.92654037475586, loss_uv: 1.1268889904022217
(21590704128, 23710007296)
Train Epoch: 1 [15000/33236 (45%)], loss_all 14.17055606842041, loss_f0: 13.300860404968262, loss_uv: 0.8696954846382141
(21590704128, 23710007296)
Train Epoch: 1 [15500/33236 (47%)], loss_all 12.686002731323242, loss_f0: 11.399003982543945, loss_uv: 1.2869981527328491
(21590704128, 23710007296)
Train Epoch: 1 [16000/33236 (48%)], loss_all 15.490975379943848, loss_f0: 14.588672637939453, loss_uv: 0.9023025631904602
(21590704128, 23710007296)
Train Epoch: 1 [16500/33236 (50%)], loss_all 14.589859962463379, loss_f0: 13.671348571777344, loss_uv: 0.9185115694999695
(21590704128, 23710007296)
Train Epoch: 1 [17000/33236 (51%)], loss_all 15.614089012145996, loss_f0: 14.369147300720215, loss_uv: 1.2449426651000977
(21590704128, 23710007296)
Train Epoch: 1 [17500/33236 (53%)], loss_all 14.535201072692871, loss_f0: 13.692130088806152, loss_uv: 0.8430711030960083
(21590704128, 23710007296)
Train Epoch: 1 [18000/33236 (54%)], loss_all 15.965768814086914, loss_f0: 14.725082397460938, loss_uv: 1.2406877279281616
(21590704128, 23710007296)
Train Epoch: 1 [18500/33236 (56%)], loss_all 14.25633430480957, loss_f0: 12.744009971618652, loss_uv: 1.512324571609497
(21590704128, 23710007296)
Train Epoch: 1 [19000/33236 (57%)], loss_all 14.475678443908691, loss_f0: 13.430255889892578, loss_uv: 1.0454225540161133
(21590704128, 23710007296)
Train Epoch: 1 [19500/33236 (59%)], loss_all 13.904520034790039, loss_f0: 12.993639945983887, loss_uv: 0.9108799695968628
(21590704128, 23710007296)
Train Epoch: 1 [20000/33236 (60%)], loss_all 13.224129676818848, loss_f0: 11.827503204345703, loss_uv: 1.396626353263855
(21590704128, 23710007296)
Train Epoch: 1 [20500/33236 (62%)], loss_all 13.831963539123535, loss_f0: 13.00133991241455, loss_uv: 0.8306243419647217
(21590704128, 23710007296)
Train Epoch: 1 [21000/33236 (63%)], loss_all 13.295275688171387, loss_f0: 12.315423965454102, loss_uv: 0.9798523187637329
(21590704128, 23710007296)
Train Epoch: 1 [21500/33236 (65%)], loss_all 14.794644355773926, loss_f0: 12.951075553894043, loss_uv: 1.8435698747634888
(21590704128, 23710007296)
Train Epoch: 1 [22000/33236 (66%)], loss_all 14.536332130432129, loss_f0: 13.693620681762695, loss_uv: 0.8427121639251709
(21590704128, 23710007296)
Train Epoch: 1 [22500/33236 (68%)], loss_all 13.977129936218262, loss_f0: 13.110217094421387, loss_uv: 0.8669123649597168
(21590704128, 23710007296)
Train Epoch: 1 [23000/33236 (69%)], loss_all 15.01330280303955, loss_f0: 13.960864067077637, loss_uv: 1.0524379014968872
(21590704128, 23710007296)
Train Epoch: 1 [23500/33236 (71%)], loss_all 12.157773971557617, loss_f0: 10.88955307006836, loss_uv: 1.2682209014892578
(21590704128, 23710007296)
Train Epoch: 1 [24000/33236 (72%)], loss_all 13.899752616882324, loss_f0: 12.56602668762207, loss_uv: 1.3337271213531494
(21590704128, 23710007296)
Train Epoch: 1 [24500/33236 (74%)], loss_all 12.496746063232422, loss_f0: 11.412206649780273, loss_uv: 1.084539771080017
(21590704128, 23710007296)
Train Epoch: 1 [25000/33236 (75%)], loss_all 15.221734046936035, loss_f0: 13.935766220092773, loss_uv: 1.2859686613082886
(21590704128, 23710007296)
Train Epoch: 1 [25500/33236 (77%)], loss_all 12.718209266662598, loss_f0: 11.328457832336426, loss_uv: 1.3897513151168823
(21590704128, 23710007296)
Train Epoch: 1 [26000/33236 (78%)], loss_all 15.280117988586426, loss_f0: 14.544159889221191, loss_uv: 0.7359585762023926
(21590704128, 23710007296)
Train Epoch: 1 [26500/33236 (80%)], loss_all 14.446527481079102, loss_f0: 13.235650062561035, loss_uv: 1.2108772993087769
(21590704128, 23710007296)
Train Epoch: 1 [27000/33236 (81%)], loss_all 16.674537658691406, loss_f0: 15.442745208740234, loss_uv: 1.2317928075790405
(21590704128, 23710007296)
Train Epoch: 1 [27500/33236 (83%)], loss_all 15.430776596069336, loss_f0: 14.05202865600586, loss_uv: 1.3787469863891602
(21590704128, 23710007296)
Train Epoch: 1 [28000/33236 (84%)], loss_all 14.349215507507324, loss_f0: 13.375216484069824, loss_uv: 0.9739998579025269
(21590704128, 23710007296)
Train Epoch: 1 [28500/33236 (86%)], loss_all 14.141850471496582, loss_f0: 13.005827903747559, loss_uv: 1.136022686958313
(21590704128, 23710007296)
Train Epoch: 1 [29000/33236 (87%)], loss_all 14.369081497192383, loss_f0: 13.390241622924805, loss_uv: 0.9788397550582886
(21590704128, 23710007296)
Train Epoch: 1 [29500/33236 (89%)], loss_all 13.799309730529785, loss_f0: 12.587644577026367, loss_uv: 1.2116659879684448
(21590704128, 23710007296)
Train Epoch: 1 [30000/33236 (90%)], loss_all 16.149686813354492, loss_f0: 15.112932205200195, loss_uv: 1.03675377368927
(21590704128, 23710007296)
Train Epoch: 1 [30500/33236 (92%)], loss_all 14.957746505737305, loss_f0: 14.261064529418945, loss_uv: 0.6966829299926758
(21590704128, 23710007296)
Train Epoch: 1 [31000/33236 (93%)], loss_all 10.138340950012207, loss_f0: 9.157360076904297, loss_uv: 0.9809803366661072
(21590704128, 23710007296)
Train Epoch: 1 [31500/33236 (95%)], loss_all 13.143746376037598, loss_f0: 12.185535430908203, loss_uv: 0.9582118391990662
(21590704128, 23710007296)
Train Epoch: 1 [32000/33236 (96%)], loss_all 13.977510452270508, loss_f0: 13.082279205322266, loss_uv: 0.8952299952507019
(21590704128, 23710007296)
Train Epoch: 1 [32500/33236 (98%)], loss_all 15.111416816711426, loss_f0: 14.087997436523438, loss_uv: 1.0234181880950928
(21590704128, 23710007296)
Train Epoch: 1 [33000/33236 (99%)], loss_all 15.170337677001953, loss_f0: 14.43278694152832, loss_uv: 0.7375498414039612
----------------------------------------Epoch: 2----------------------------------------
(13854310400, 23710007296)
Train Epoch: 2 [0/33236 (0%)], loss_all 14.318926811218262, loss_f0: 13.364243507385254, loss_uv: 0.9546817541122437
(13854310400, 23710007296)
Train Epoch: 2 [500/33236 (2%)], loss_all 14.751110076904297, loss_f0: 13.791051864624023, loss_uv: 0.9600586891174316
(13854310400, 23710007296)
Train Epoch: 2 [1000/33236 (3%)], loss_all 10.177262306213379, loss_f0: 8.70039176940918, loss_uv: 1.4768708944320679
(13854310400, 23710007296)
Train Epoch: 2 [1500/33236 (5%)], loss_all 14.868456840515137, loss_f0: 13.792877197265625, loss_uv: 1.0755800008773804
(13854310400, 23710007296)
Train Epoch: 2 [2000/33236 (6%)], loss_all 16.029895782470703, loss_f0: 15.130355834960938, loss_uv: 0.8995405435562134
(13854310400, 23710007296)
Train Epoch: 2 [2500/33236 (8%)], loss_all 13.844624519348145, loss_f0: 13.097015380859375, loss_uv: 0.747610330581665
(13854310400, 23710007296)
Train Epoch: 2 [3000/33236 (9%)], loss_all 15.827272415161133, loss_f0: 14.790904998779297, loss_uv: 1.0363683700561523
(13854310400, 23710007296)
Train Epoch: 2 [3500/33236 (11%)], loss_all 14.798233985900879, loss_f0: 14.010591506958008, loss_uv: 0.7876426577568054
(13854310400, 23710007296)
Train Epoch: 2 [4000/33236 (12%)], loss_all 14.666664123535156, loss_f0: 13.594786643981934, loss_uv: 1.071877121925354
(13854310400, 23710007296)
Train Epoch: 2 [4500/33236 (14%)], loss_all 14.93073844909668, loss_f0: 14.116228103637695, loss_uv: 0.8145114779472351
(13854310400, 23710007296)
Train Epoch: 2 [5000/33236 (15%)], loss_all 12.799942016601562, loss_f0: 11.474117279052734, loss_uv: 1.3258254528045654
(13854310400, 23710007296)
Train Epoch: 2 [5500/33236 (17%)], loss_all 12.379145622253418, loss_f0: 11.399649620056152, loss_uv: 0.9794965982437134
(13854310400, 23710007296)
Train Epoch: 2 [6000/33236 (18%)], loss_all 17.089658737182617, loss_f0: 15.867578506469727, loss_uv: 1.2220816612243652
(13854310400, 23710007296)
Train Epoch: 2 [6500/33236 (20%)], loss_all 14.30526351928711, loss_f0: 13.268860816955566, loss_uv: 1.0364019870758057
(13854310400, 23710007296)
Train Epoch: 2 [7000/33236 (21%)], loss_all 13.558905601501465, loss_f0: 12.777504920959473, loss_uv: 0.7814006805419922
(13854310400, 23710007296)
Train Epoch: 2 [7500/33236 (23%)], loss_all 11.688056945800781, loss_f0: 10.769515991210938, loss_uv: 0.9185411930084229
(13854310400, 23710007296)
Train Epoch: 2 [8000/33236 (24%)], loss_all 16.79092025756836, loss_f0: 15.841696739196777, loss_uv: 0.9492229223251343
(13854310400, 23710007296)
Train Epoch: 2 [8500/33236 (26%)], loss_all 12.532877922058105, loss_f0: 11.359170913696289, loss_uv: 1.1737067699432373
(13854310400, 23710007296)
Train Epoch: 2 [9000/33236 (27%)], loss_all 12.556768417358398, loss_f0: 11.790468215942383, loss_uv: 0.7663003206253052
(13854310400, 23710007296)
Train Epoch: 2 [9500/33236 (29%)], loss_all 12.397700309753418, loss_f0: 11.315720558166504, loss_uv: 1.0819791555404663
(13854310400, 23710007296)
Train Epoch: 2 [10000/33236 (30%)], loss_all 15.23904800415039, loss_f0: 13.634822845458984, loss_uv: 1.6042256355285645
(13854310400, 23710007296)
Train Epoch: 2 [10500/33236 (32%)], loss_all 14.338627815246582, loss_f0: 13.627589225769043, loss_uv: 0.7110382318496704
(13854310400, 23710007296)
Train Epoch: 2 [11000/33236 (33%)], loss_all 14.252734184265137, loss_f0: 13.298357009887695, loss_uv: 0.9543761014938354
(13854310400, 23710007296)
Train Epoch: 2 [11500/33236 (35%)], loss_all 12.64760971069336, loss_f0: 11.45844841003418, loss_uv: 1.1891611814498901
(13854310400, 23710007296)
Train Epoch: 2 [12000/33236 (36%)], loss_all 13.976676940917969, loss_f0: 12.881582260131836, loss_uv: 1.0950952768325806
(13854310400, 23710007296)
Train Epoch: 2 [12500/33236 (38%)], loss_all 13.894737243652344, loss_f0: 13.103940963745117, loss_uv: 0.7907969355583191
(13854310400, 23710007296)
Train Epoch: 2 [13000/33236 (39%)], loss_all 14.437232971191406, loss_f0: 13.113889694213867, loss_uv: 1.323341965675354
(13854310400, 23710007296)
Train Epoch: 2 [13500/33236 (41%)], loss_all 13.56021499633789, loss_f0: 11.824466705322266, loss_uv: 1.7357487678527832
(13854310400, 23710007296)
Train Epoch: 2 [14000/33236 (42%)], loss_all 15.495606422424316, loss_f0: 14.573619842529297, loss_uv: 0.9219865798950195
(13854310400, 23710007296)
Train Epoch: 2 [14500/33236 (44%)], loss_all 13.45744800567627, loss_f0: 12.40280532836914, loss_uv: 1.0546422004699707
(13854310400, 23710007296)
Train Epoch: 2 [15000/33236 (45%)], loss_all 13.183833122253418, loss_f0: 12.396390914916992, loss_uv: 0.7874420881271362
(13854310400, 23710007296)
Train Epoch: 2 [15500/33236 (47%)], loss_all 13.157557487487793, loss_f0: 12.2752685546875, loss_uv: 0.8822885155677795
(13854310400, 23710007296)
Train Epoch: 2 [16000/33236 (48%)], loss_all 15.486641883850098, loss_f0: 13.994756698608398, loss_uv: 1.4918854236602783
(13854310400, 23710007296)
Train Epoch: 2 [16500/33236 (50%)], loss_all 15.102615356445312, loss_f0: 14.287214279174805, loss_uv: 0.8154009580612183
(13854310400, 23710007296)
Train Epoch: 2 [17000/33236 (51%)], loss_all 15.133137702941895, loss_f0: 13.790916442871094, loss_uv: 1.3422224521636963
(13854310400, 23710007296)
Train Epoch: 2 [17500/33236 (53%)], loss_all 12.450654029846191, loss_f0: 11.186391830444336, loss_uv: 1.264261245727539
(13854310400, 23710007296)
Train Epoch: 2 [18000/33236 (54%)], loss_all 13.851322174072266, loss_f0: 13.047540664672852, loss_uv: 0.8037834167480469
(13854310400, 23710007296)
Train Epoch: 2 [18500/33236 (56%)], loss_all 11.817564010620117, loss_f0: 10.791730880737305, loss_uv: 1.025834321975708
(13854310400, 23710007296)
Train Epoch: 2 [19000/33236 (57%)], loss_all 16.204336166381836, loss_f0: 15.66656494140625, loss_uv: 0.5377711057662964
(13854310400, 23710007296)
Train Epoch: 2 [19500/33236 (59%)], loss_all 14.215837478637695, loss_f0: 13.054096221923828, loss_uv: 1.1617419719696045
(13854310400, 23710007296)
Train Epoch: 2 [20000/33236 (60%)], loss_all 15.962461471557617, loss_f0: 14.765541076660156, loss_uv: 1.1969199180603027
(13854310400, 23710007296)
Train Epoch: 2 [20500/33236 (62%)], loss_all 13.385685920715332, loss_f0: 12.266578674316406, loss_uv: 1.1191074848175049
(13854310400, 23710007296)
Train Epoch: 2 [21000/33236 (63%)], loss_all 13.341619491577148, loss_f0: 12.377479553222656, loss_uv: 0.9641381502151489
(13854310400, 23710007296)
Train Epoch: 2 [21500/33236 (65%)], loss_all 15.656907081604004, loss_f0: 14.737936973571777, loss_uv: 0.9189697504043579
(13854310400, 23710007296)
Train Epoch: 2 [22000/33236 (66%)], loss_all 11.133329391479492, loss_f0: 10.4155912399292, loss_uv: 0.7177371382713318
(13854310400, 23710007296)
Train Epoch: 2 [22500/33236 (68%)], loss_all 14.660860061645508, loss_f0: 13.510223388671875, loss_uv: 1.150636911392212
(13854310400, 23710007296)
Train Epoch: 2 [23000/33236 (69%)], loss_all 16.392833709716797, loss_f0: 15.659055709838867, loss_uv: 0.7337764501571655
(13854310400, 23710007296)
Train Epoch: 2 [23500/33236 (71%)], loss_all 15.053611755371094, loss_f0: 14.100358963012695, loss_uv: 0.9532532095909119
(13854310400, 23710007296)
Train Epoch: 2 [24000/33236 (72%)], loss_all 14.929851531982422, loss_f0: 13.825532913208008, loss_uv: 1.1043187379837036
(13854310400, 23710007296)
Train Epoch: 2 [24500/33236 (74%)], loss_all 14.884968757629395, loss_f0: 13.582083702087402, loss_uv: 1.3028839826583862
(13854310400, 23710007296)
Train Epoch: 2 [25000/33236 (75%)], loss_all 12.500702857971191, loss_f0: 11.539285659790039, loss_uv: 0.9614169597625732
(13854310400, 23710007296)
Train Epoch: 2 [25500/33236 (77%)], loss_all 11.197247505187988, loss_f0: 10.394964218139648, loss_uv: 0.8022831678390503
(13854310400, 23710007296)
Train Epoch: 2 [26000/33236 (78%)], loss_all 13.289891242980957, loss_f0: 12.146401405334473, loss_uv: 1.1434909105300903
(13854310400, 23710007296)
Train Epoch: 2 [26500/33236 (80%)], loss_all 12.741448402404785, loss_f0: 11.461875915527344, loss_uv: 1.2795741558074951
(13854310400, 23710007296)
Train Epoch: 2 [27000/33236 (81%)], loss_all 13.341156959533691, loss_f0: 12.545258522033691, loss_uv: 0.7958981990814209
(13854310400, 23710007296)
Train Epoch: 2 [27500/33236 (83%)], loss_all 14.637151718139648, loss_f0: 13.899044036865234, loss_uv: 0.7381075620651245
(13854310400, 23710007296)
Train Epoch: 2 [28000/33236 (84%)], loss_all 14.460103034973145, loss_f0: 13.759828567504883, loss_uv: 0.7002753615379333
(13854310400, 23710007296)
Train Epoch: 2 [28500/33236 (86%)], loss_all 14.219123840332031, loss_f0: 13.566617965698242, loss_uv: 0.652506947517395
(13854310400, 23710007296)
Train Epoch: 2 [29000/33236 (87%)], loss_all 13.68772029876709, loss_f0: 12.607608795166016, loss_uv: 1.0801112651824951
(13854310400, 23710007296)
Train Epoch: 2 [29500/33236 (89%)], loss_all 13.368188858032227, loss_f0: 12.337991714477539, loss_uv: 1.0301975011825562
(13854310400, 23710007296)
Train Epoch: 2 [30000/33236 (90%)], loss_all 14.241299629211426, loss_f0: 13.424510955810547, loss_uv: 0.8167874217033386
(13854310400, 23710007296)
Train Epoch: 2 [30500/33236 (92%)], loss_all 12.869507789611816, loss_f0: 11.96377944946289, loss_uv: 0.9057290554046631
(13854310400, 23710007296)
Train Epoch: 2 [31000/33236 (93%)], loss_all 12.861576080322266, loss_f0: 11.754018783569336, loss_uv: 1.1075571775436401
(13854310400, 23710007296)
Train Epoch: 2 [31500/33236 (95%)], loss_all 13.217469215393066, loss_f0: 12.387468338012695, loss_uv: 0.8300011157989502
(13854310400, 23710007296)
Train Epoch: 2 [32000/33236 (96%)], loss_all 13.836986541748047, loss_f0: 12.436660766601562, loss_uv: 1.4003252983093262
(13854310400, 23710007296)
Train Epoch: 2 [32500/33236 (98%)], loss_all 14.678751945495605, loss_f0: 13.704366683959961, loss_uv: 0.9743849039077759
(13854310400, 23710007296)
Train Epoch: 2 [33000/33236 (99%)], loss_all 12.738199234008789, loss_f0: 12.040182113647461, loss_uv: 0.6980161070823669
----------------------------------------Epoch: 3----------------------------------------
(13839630336, 23710007296)
Train Epoch: 3 [0/33236 (0%)], loss_all 15.526437759399414, loss_f0: 14.742769241333008, loss_uv: 0.7836673259735107
(13839630336, 23710007296)
Train Epoch: 3 [500/33236 (2%)], loss_all 15.153655052185059, loss_f0: 13.927032470703125, loss_uv: 1.226623296737671
(13839630336, 23710007296)
Train Epoch: 3 [1000/33236 (3%)], loss_all 13.845379829406738, loss_f0: 13.325965881347656, loss_uv: 0.5194136500358582
(13839630336, 23710007296)
Train Epoch: 3 [1500/33236 (5%)], loss_all 14.414528846740723, loss_f0: 13.426536560058594, loss_uv: 0.9879910945892334
(13839630336, 23710007296)
Train Epoch: 3 [2000/33236 (6%)], loss_all 14.921853065490723, loss_f0: 14.302582740783691, loss_uv: 0.6192695498466492
(13839630336, 23710007296)
Train Epoch: 3 [2500/33236 (8%)], loss_all 15.117354393005371, loss_f0: 13.93680191040039, loss_uv: 1.1805531978607178
(13839630336, 23710007296)
Train Epoch: 3 [3000/33236 (9%)], loss_all 14.655145645141602, loss_f0: 13.959324836730957, loss_uv: 0.6958216428756714
(13839630336, 23710007296)
Train Epoch: 3 [3500/33236 (11%)], loss_all 10.05746841430664, loss_f0: 9.405288696289062, loss_uv: 0.6521793603897095
(13839630336, 23710007296)
Train Epoch: 3 [4000/33236 (12%)], loss_all 12.650660514831543, loss_f0: 11.850199699401855, loss_uv: 0.8004602193832397
(13839630336, 23710007296)
Train Epoch: 3 [4500/33236 (14%)], loss_all 12.85486125946045, loss_f0: 11.741601943969727, loss_uv: 1.1132583618164062
(13839630336, 23710007296)
Train Epoch: 3 [5000/33236 (15%)], loss_all 13.87279987335205, loss_f0: 12.537461280822754, loss_uv: 1.3353393077850342
(13839630336, 23710007296)
Train Epoch: 3 [5500/33236 (17%)], loss_all 12.454322814941406, loss_f0: 11.41585922241211, loss_uv: 1.0384626388549805
(13839630336, 23710007296)
Train Epoch: 3 [6000/33236 (18%)], loss_all 13.792854309082031, loss_f0: 12.824020385742188, loss_uv: 0.9688337445259094
(13839630336, 23710007296)
Train Epoch: 3 [6500/33236 (20%)], loss_all 11.871479988098145, loss_f0: 10.984212875366211, loss_uv: 0.887266218662262
(13839630336, 23710007296)
Train Epoch: 3 [7000/33236 (21%)], loss_all 13.866207122802734, loss_f0: 12.934976577758789, loss_uv: 0.9312307834625244
(13839630336, 23710007296)
Train Epoch: 3 [7500/33236 (23%)], loss_all 15.667177200317383, loss_f0: 14.827787399291992, loss_uv: 0.8393898010253906
(13839630336, 23710007296)
Train Epoch: 3 [8000/33236 (24%)], loss_all 12.29474925994873, loss_f0: 11.279696464538574, loss_uv: 1.0150537490844727
(13839630336, 23710007296)
Train Epoch: 3 [8500/33236 (26%)], loss_all 13.640884399414062, loss_f0: 12.888748168945312, loss_uv: 0.7521365880966187
(13839630336, 23710007296)
Train Epoch: 3 [9000/33236 (27%)], loss_all 16.898643493652344, loss_f0: 16.231691360473633, loss_uv: 0.666953444480896
(13839630336, 23710007296)
Train Epoch: 3 [9500/33236 (29%)], loss_all 10.08195686340332, loss_f0: 9.423070907592773, loss_uv: 0.6588870286941528
(13839630336, 23710007296)
Train Epoch: 3 [10000/33236 (30%)], loss_all 12.33784294128418, loss_f0: 11.468438148498535, loss_uv: 0.8694047927856445
(13839630336, 23710007296)
Train Epoch: 3 [10500/33236 (32%)], loss_all 15.320122718811035, loss_f0: 14.761606216430664, loss_uv: 0.5585165619850159
(13839630336, 23710007296)
Train Epoch: 3 [11000/33236 (33%)], loss_all 14.67971420288086, loss_f0: 13.852319717407227, loss_uv: 0.8273948431015015
(13839630336, 23710007296)
Train Epoch: 3 [11500/33236 (35%)], loss_all 14.939022064208984, loss_f0: 14.261228561401367, loss_uv: 0.6777937412261963
(13839630336, 23710007296)
Train Epoch: 3 [12000/33236 (36%)], loss_all 13.130661964416504, loss_f0: 12.32738971710205, loss_uv: 0.8032718896865845
(13839630336, 23710007296)
Train Epoch: 3 [12500/33236 (38%)], loss_all 12.082308769226074, loss_f0: 11.171459197998047, loss_uv: 0.91084885597229
(13839630336, 23710007296)
Train Epoch: 3 [13000/33236 (39%)], loss_all 13.196635246276855, loss_f0: 12.142606735229492, loss_uv: 1.0540287494659424
(13839630336, 23710007296)
Train Epoch: 3 [13500/33236 (41%)], loss_all 13.655055046081543, loss_f0: 12.675305366516113, loss_uv: 0.9797500967979431
(13839630336, 23710007296)
Train Epoch: 3 [14000/33236 (42%)], loss_all 14.224867820739746, loss_f0: 13.524528503417969, loss_uv: 0.7003390789031982
(13839630336, 23710007296)
Train Epoch: 3 [14500/33236 (44%)], loss_all 14.152422904968262, loss_f0: 13.155289649963379, loss_uv: 0.9971346855163574
(13839630336, 23710007296)
Train Epoch: 3 [15000/33236 (45%)], loss_all 12.12775993347168, loss_f0: 11.392956733703613, loss_uv: 0.7348029017448425
(13839630336, 23710007296)
Train Epoch: 3 [15500/33236 (47%)], loss_all 13.875219345092773, loss_f0: 12.212686538696289, loss_uv: 1.662532091140747
(13839630336, 23710007296)
Train Epoch: 3 [16000/33236 (48%)], loss_all 13.31418514251709, loss_f0: 12.114311218261719, loss_uv: 1.1998741626739502
(13839630336, 23710007296)
Train Epoch: 3 [16500/33236 (50%)], loss_all 15.131365776062012, loss_f0: 14.246147155761719, loss_uv: 0.8852185010910034
(13839630336, 23710007296)
Train Epoch: 3 [17000/33236 (51%)], loss_all 12.783227920532227, loss_f0: 11.605323791503906, loss_uv: 1.1779040098190308
(13839630336, 23710007296)
Train Epoch: 3 [17500/33236 (53%)], loss_all 14.000787734985352, loss_f0: 12.959325790405273, loss_uv: 1.0414618253707886
(13839630336, 23710007296)
Train Epoch: 3 [18000/33236 (54%)], loss_all 17.254131317138672, loss_f0: 16.339258193969727, loss_uv: 0.9148721694946289
(13839630336, 23710007296)
Train Epoch: 3 [18500/33236 (56%)], loss_all 15.082414627075195, loss_f0: 14.043045043945312, loss_uv: 1.039369821548462
(13839630336, 23710007296)
Train Epoch: 3 [19000/33236 (57%)], loss_all 14.25068187713623, loss_f0: 13.716886520385742, loss_uv: 0.5337952375411987
(13839630336, 23710007296)
Train Epoch: 3 [19500/33236 (59%)], loss_all 14.269593238830566, loss_f0: 13.080562591552734, loss_uv: 1.1890294551849365
(13839630336, 23710007296)
Train Epoch: 3 [20000/33236 (60%)], loss_all 12.586462020874023, loss_f0: 11.735969543457031, loss_uv: 0.8504922389984131
(13839630336, 23710007296)
Train Epoch: 3 [20500/33236 (62%)], loss_all 11.731045722961426, loss_f0: 10.645511627197266, loss_uv: 1.0855333805084229
(13839630336, 23710007296)
Train Epoch: 3 [21000/33236 (63%)], loss_all 14.694294929504395, loss_f0: 13.122027397155762, loss_uv: 1.572266936302185
(13839630336, 23710007296)
Train Epoch: 3 [21500/33236 (65%)], loss_all 14.998773574829102, loss_f0: 14.017181396484375, loss_uv: 0.9815925359725952
(13839630336, 23710007296)
Train Epoch: 3 [22000/33236 (66%)], loss_all 13.182406425476074, loss_f0: 12.491791725158691, loss_uv: 0.690613865852356
(13839630336, 23710007296)
Train Epoch: 3 [22500/33236 (68%)], loss_all 13.352240562438965, loss_f0: 12.511754989624023, loss_uv: 0.8404866456985474
(13839630336, 23710007296)
Train Epoch: 3 [23000/33236 (69%)], loss_all 15.083130836486816, loss_f0: 13.77414321899414, loss_uv: 1.3089876174926758
(13839630336, 23710007296)
Train Epoch: 3 [23500/33236 (71%)], loss_all 14.261819839477539, loss_f0: 13.502397537231445, loss_uv: 0.7594236731529236
(13839630336, 23710007296)
Train Epoch: 3 [24000/33236 (72%)], loss_all 11.005759239196777, loss_f0: 9.971267700195312, loss_uv: 1.0344915390014648
(13839630336, 23710007296)
Train Epoch: 3 [24500/33236 (74%)], loss_all 12.849320411682129, loss_f0: 12.152843475341797, loss_uv: 0.6964758038520813
(13839630336, 23710007296)
Train Epoch: 3 [25000/33236 (75%)], loss_all 11.994181632995605, loss_f0: 11.448200225830078, loss_uv: 0.5459814667701721
(13839630336, 23710007296)
Train Epoch: 3 [25500/33236 (77%)], loss_all 15.35438060760498, loss_f0: 14.235404968261719, loss_uv: 1.11897611618042
(13839630336, 23710007296)
Train Epoch: 3 [26000/33236 (78%)], loss_all 14.835697174072266, loss_f0: 13.997547149658203, loss_uv: 0.8381510972976685
(13839630336, 23710007296)
Train Epoch: 3 [26500/33236 (80%)], loss_all 13.484947204589844, loss_f0: 12.754619598388672, loss_uv: 0.7303286790847778
(13839630336, 23710007296)
Train Epoch: 3 [27000/33236 (81%)], loss_all 15.066385269165039, loss_f0: 14.121613502502441, loss_uv: 0.9447712898254395
(13839630336, 23710007296)
Train Epoch: 3 [27500/33236 (83%)], loss_all 12.832955360412598, loss_f0: 11.605154037475586, loss_uv: 1.2278022766113281
(13839630336, 23710007296)
Train Epoch: 3 [28000/33236 (84%)], loss_all 14.142387390136719, loss_f0: 12.903970718383789, loss_uv: 1.2384172677993774
(13839630336, 23710007296)
Train Epoch: 3 [28500/33236 (86%)], loss_all 13.289276123046875, loss_f0: 12.477119445800781, loss_uv: 0.8121572732925415
(13839630336, 23710007296)
Train Epoch: 3 [29000/33236 (87%)], loss_all 14.948343276977539, loss_f0: 14.146560668945312, loss_uv: 0.8017831444740295
(13839630336, 23710007296)
Train Epoch: 3 [29500/33236 (89%)], loss_all 14.302349090576172, loss_f0: 13.494529724121094, loss_uv: 0.8078200817108154
(13839630336, 23710007296)
Train Epoch: 3 [30000/33236 (90%)], loss_all 10.679003715515137, loss_f0: 10.1166410446167, loss_uv: 0.562362551689148
(13839630336, 23710007296)
Train Epoch: 3 [30500/33236 (92%)], loss_all 14.770148277282715, loss_f0: 13.387422561645508, loss_uv: 1.3827255964279175
(13839630336, 23710007296)
Train Epoch: 3 [31000/33236 (93%)], loss_all 12.04113483428955, loss_f0: 11.39142894744873, loss_uv: 0.6497054100036621
(13839630336, 23710007296)
Train Epoch: 3 [31500/33236 (95%)], loss_all 14.783442497253418, loss_f0: 13.69752311706543, loss_uv: 1.085918664932251
(13839630336, 23710007296)
Train Epoch: 3 [32000/33236 (96%)], loss_all 12.464649200439453, loss_f0: 11.551462173461914, loss_uv: 0.9131852388381958
(13839630336, 23710007296)
Train Epoch: 3 [32500/33236 (98%)], loss_all 15.731584548950195, loss_f0: 15.041357040405273, loss_uv: 0.6902282238006592
(13839630336, 23710007296)
Train Epoch: 3 [33000/33236 (99%)], loss_all 13.754250526428223, loss_f0: 12.684886932373047, loss_uv: 1.0693655014038086
----------------------------------------Epoch: 4----------------------------------------
(13839630336, 23710007296)
Train Epoch: 4 [0/33236 (0%)], loss_all 15.678250312805176, loss_f0: 15.118114471435547, loss_uv: 0.5601362586021423
(13839630336, 23710007296)
Train Epoch: 4 [500/33236 (2%)], loss_all 13.798871994018555, loss_f0: 12.84263801574707, loss_uv: 0.9562342762947083
(13839630336, 23710007296)
Train Epoch: 4 [1000/33236 (3%)], loss_all 13.553750991821289, loss_f0: 12.205881118774414, loss_uv: 1.347869873046875
(13839630336, 23710007296)
Train Epoch: 4 [1500/33236 (5%)], loss_all 11.12516975402832, loss_f0: 10.475313186645508, loss_uv: 0.6498572826385498
(13839630336, 23710007296)
Train Epoch: 4 [2000/33236 (6%)], loss_all 11.244904518127441, loss_f0: 9.991497993469238, loss_uv: 1.2534070014953613
(13839630336, 23710007296)
Train Epoch: 4 [2500/33236 (8%)], loss_all 14.205214500427246, loss_f0: 13.305545806884766, loss_uv: 0.8996686935424805
(13839630336, 23710007296)
Train Epoch: 4 [3000/33236 (9%)], loss_all 14.864928245544434, loss_f0: 13.781911849975586, loss_uv: 1.0830163955688477
(13839630336, 23710007296)
Train Epoch: 4 [3500/33236 (11%)], loss_all 13.205514907836914, loss_f0: 12.163128852844238, loss_uv: 1.0423851013183594
(13839630336, 23710007296)
Train Epoch: 4 [4000/33236 (12%)], loss_all 13.756197929382324, loss_f0: 12.92890739440918, loss_uv: 0.8272908329963684
(13839630336, 23710007296)
Train Epoch: 4 [4500/33236 (14%)], loss_all 14.431504249572754, loss_f0: 13.516366958618164, loss_uv: 0.9151378870010376
(13839630336, 23710007296)
Train Epoch: 4 [5000/33236 (15%)], loss_all 14.95612907409668, loss_f0: 13.849037170410156, loss_uv: 1.1070919036865234
(13839630336, 23710007296)
Train Epoch: 4 [5500/33236 (17%)], loss_all 12.029336929321289, loss_f0: 11.265596389770508, loss_uv: 0.7637415528297424
(13839630336, 23710007296)
Train Epoch: 4 [6000/33236 (18%)], loss_all 14.170136451721191, loss_f0: 13.240387916564941, loss_uv: 0.9297476410865784
(13839630336, 23710007296)
Train Epoch: 4 [6500/33236 (20%)], loss_all 13.046086311340332, loss_f0: 12.401439666748047, loss_uv: 0.6446449160575867
(13839630336, 23710007296)
Train Epoch: 4 [7000/33236 (21%)], loss_all 14.336575508117676, loss_f0: 12.898165702819824, loss_uv: 1.4384098052978516
(13839630336, 23710007296)
Train Epoch: 4 [7500/33236 (23%)], loss_all 11.560952186584473, loss_f0: 10.860555648803711, loss_uv: 0.700395941734314
(13839630336, 23710007296)
Train Epoch: 4 [8000/33236 (24%)], loss_all 16.2175350189209, loss_f0: 14.863895416259766, loss_uv: 1.3536407947540283
(13839630336, 23710007296)
Train Epoch: 4 [8500/33236 (26%)], loss_all 12.651708602905273, loss_f0: 11.378769874572754, loss_uv: 1.2729380130767822
(13839630336, 23710007296)
Train Epoch: 4 [9000/33236 (27%)], loss_all 12.020670890808105, loss_f0: 11.035755157470703, loss_uv: 0.9849159717559814
(13839630336, 23710007296)
Train Epoch: 4 [9500/33236 (29%)], loss_all 13.587994575500488, loss_f0: 12.97280502319336, loss_uv: 0.615189254283905
(13839630336, 23710007296)
Train Epoch: 4 [10000/33236 (30%)], loss_all 14.666203498840332, loss_f0: 13.854869842529297, loss_uv: 0.8113337755203247
(13839630336, 23710007296)
Train Epoch: 4 [10500/33236 (32%)], loss_all 15.522201538085938, loss_f0: 14.753131866455078, loss_uv: 0.7690718770027161
(13839630336, 23710007296)
Train Epoch: 4 [11000/33236 (33%)], loss_all 13.077831268310547, loss_f0: 11.575934410095215, loss_uv: 1.501896858215332
(13839630336, 23710007296)
Train Epoch: 4 [11500/33236 (35%)], loss_all 10.862963676452637, loss_f0: 10.254508972167969, loss_uv: 0.6084545850753784
(13839630336, 23710007296)
Train Epoch: 4 [12000/33236 (36%)], loss_all 15.550415992736816, loss_f0: 14.138708114624023, loss_uv: 1.4117062091827393
(13839630336, 23710007296)
Train Epoch: 4 [12500/33236 (38%)], loss_all 13.412276268005371, loss_f0: 12.604721069335938, loss_uv: 0.807555079460144
(13839630336, 23710007296)
Train Epoch: 4 [13000/33236 (39%)], loss_all 10.164332389831543, loss_f0: 9.489445686340332, loss_uv: 0.6748871207237244
(13839630336, 23710007296)
Train Epoch: 4 [13500/33236 (41%)], loss_all 12.251185417175293, loss_f0: 11.28150749206543, loss_uv: 0.9696767926216125
(13839630336, 23710007296)
Train Epoch: 4 [14000/33236 (42%)], loss_all 11.730897903442383, loss_f0: 10.777509689331055, loss_uv: 0.9533888697624207
(13839630336, 23710007296)
Train Epoch: 4 [14500/33236 (44%)], loss_all 12.73453140258789, loss_f0: 11.942753791809082, loss_uv: 0.7917784452438354
(13839630336, 23710007296)
Train Epoch: 4 [15000/33236 (45%)], loss_all 13.16097354888916, loss_f0: 11.622817993164062, loss_uv: 1.5381553173065186
(13839630336, 23710007296)
Train Epoch: 4 [15500/33236 (47%)], loss_all 13.260082244873047, loss_f0: 12.376708984375, loss_uv: 0.8833737969398499
(13839630336, 23710007296)
Train Epoch: 4 [16000/33236 (48%)], loss_all 13.393966674804688, loss_f0: 12.530648231506348, loss_uv: 0.8633188605308533
(13839630336, 23710007296)
Train Epoch: 4 [16500/33236 (50%)], loss_all 11.648906707763672, loss_f0: 10.714262008666992, loss_uv: 0.9346436858177185
(13839630336, 23710007296)
Train Epoch: 4 [17000/33236 (51%)], loss_all 11.757681846618652, loss_f0: 10.835745811462402, loss_uv: 0.9219361543655396
(13839630336, 23710007296)
Train Epoch: 4 [17500/33236 (53%)], loss_all 13.948577880859375, loss_f0: 12.937569618225098, loss_uv: 1.0110081434249878
(13839630336, 23710007296)
Train Epoch: 4 [18000/33236 (54%)], loss_all 12.704036712646484, loss_f0: 12.041446685791016, loss_uv: 0.6625891923904419
(13839630336, 23710007296)
Train Epoch: 4 [18500/33236 (56%)], loss_all 12.37094497680664, loss_f0: 11.67218017578125, loss_uv: 0.6987638473510742
(13839630336, 23710007296)
Train Epoch: 4 [19000/33236 (57%)], loss_all 10.010784149169922, loss_f0: 9.434152603149414, loss_uv: 0.5766304135322571
(13839630336, 23710007296)
Train Epoch: 4 [19500/33236 (59%)], loss_all 14.029359817504883, loss_f0: 12.813759803771973, loss_uv: 1.2156003713607788
(13839630336, 23710007296)
Train Epoch: 4 [20000/33236 (60%)], loss_all 13.96785831451416, loss_f0: 13.129009246826172, loss_uv: 0.8388468027114868
(13839630336, 23710007296)
Train Epoch: 4 [20500/33236 (62%)], loss_all 14.834489822387695, loss_f0: 13.684228897094727, loss_uv: 1.1502604484558105
(13839630336, 23710007296)
Train Epoch: 4 [21000/33236 (63%)], loss_all 12.990748405456543, loss_f0: 12.104360580444336, loss_uv: 0.8863880038261414
(13839630336, 23710007296)
Train Epoch: 4 [21500/33236 (65%)], loss_all 16.04784393310547, loss_f0: 15.354777336120605, loss_uv: 0.6930675506591797
(13839630336, 23710007296)
Train Epoch: 4 [22000/33236 (66%)], loss_all 13.167455673217773, loss_f0: 12.109590530395508, loss_uv: 1.0578663349151611
(13839630336, 23710007296)
Train Epoch: 4 [22500/33236 (68%)], loss_all 11.748814582824707, loss_f0: 11.035137176513672, loss_uv: 0.7136772871017456
(13839630336, 23710007296)
Train Epoch: 4 [23000/33236 (69%)], loss_all 12.083757400512695, loss_f0: 11.102560043334961, loss_uv: 0.9811978340148926
(13839630336, 23710007296)
Train Epoch: 4 [23500/33236 (71%)], loss_all 14.921547889709473, loss_f0: 13.72734260559082, loss_uv: 1.1942064762115479
(13839630336, 23710007296)
Train Epoch: 4 [24000/33236 (72%)], loss_all 14.339791297912598, loss_f0: 13.586427688598633, loss_uv: 0.7533636093139648
(13839630336, 23710007296)
Train Epoch: 4 [24500/33236 (74%)], loss_all 15.570475578308105, loss_f0: 14.737377166748047, loss_uv: 0.8330994248390198
(13839630336, 23710007296)
Train Epoch: 4 [25000/33236 (75%)], loss_all 11.506754875183105, loss_f0: 10.32730770111084, loss_uv: 1.1794474124908447
(13839630336, 23710007296)
Train Epoch: 4 [25500/33236 (77%)], loss_all 12.250136375427246, loss_f0: 11.642566680908203, loss_uv: 0.6075707674026489
(13839630336, 23710007296)
Train Epoch: 4 [26000/33236 (78%)], loss_all 13.687546730041504, loss_f0: 12.82666301727295, loss_uv: 0.8608835935592651
(13839630336, 23710007296)
Train Epoch: 4 [26500/33236 (80%)], loss_all 13.023077011108398, loss_f0: 12.374332427978516, loss_uv: 0.6487447023391724
(13839630336, 23710007296)
Train Epoch: 4 [27000/33236 (81%)], loss_all 14.658648490905762, loss_f0: 14.059640884399414, loss_uv: 0.5990070104598999
(13839630336, 23710007296)
Train Epoch: 4 [27500/33236 (83%)], loss_all 12.040539741516113, loss_f0: 11.172097206115723, loss_uv: 0.8684422969818115
(13839630336, 23710007296)
Train Epoch: 4 [28000/33236 (84%)], loss_all 12.964012145996094, loss_f0: 12.132159233093262, loss_uv: 0.8318526148796082
(13839630336, 23710007296)
Train Epoch: 4 [28500/33236 (86%)], loss_all 9.717212677001953, loss_f0: 9.010228157043457, loss_uv: 0.7069858312606812
(13839630336, 23710007296)
Train Epoch: 4 [29000/33236 (87%)], loss_all 12.141786575317383, loss_f0: 11.218993186950684, loss_uv: 0.9227935075759888
(13839630336, 23710007296)
Train Epoch: 4 [29500/33236 (89%)], loss_all 13.957891464233398, loss_f0: 13.237387657165527, loss_uv: 0.7205039262771606
(13839630336, 23710007296)
Train Epoch: 4 [30000/33236 (90%)], loss_all 14.020275115966797, loss_f0: 13.190404891967773, loss_uv: 0.8298695683479309
(13839630336, 23710007296)
Train Epoch: 4 [30500/33236 (92%)], loss_all 14.870347023010254, loss_f0: 13.50937557220459, loss_uv: 1.360971212387085
(13839630336, 23710007296)
Train Epoch: 4 [31000/33236 (93%)], loss_all 16.350404739379883, loss_f0: 15.050315856933594, loss_uv: 1.30008864402771
(13839630336, 23710007296)
Train Epoch: 4 [31500/33236 (95%)], loss_all 11.819792747497559, loss_f0: 11.120805740356445, loss_uv: 0.698987603187561
(13839630336, 23710007296)
Train Epoch: 4 [32000/33236 (96%)], loss_all 14.444393157958984, loss_f0: 12.999271392822266, loss_uv: 1.4451228380203247
(13839630336, 23710007296)
Train Epoch: 4 [32500/33236 (98%)], loss_all 11.391619682312012, loss_f0: 10.418357849121094, loss_uv: 0.9732609391212463
(13839630336, 23710007296)
Train Epoch: 4 [33000/33236 (99%)], loss_all 12.90211009979248, loss_f0: 12.044379234313965, loss_uv: 0.8577309250831604
----------------------------------------Epoch: 5----------------------------------------
(13839630336, 23710007296)
Train Epoch: 5 [0/33236 (0%)], loss_all 15.305527687072754, loss_f0: 14.553712844848633, loss_uv: 0.7518140077590942
(13839630336, 23710007296)
Train Epoch: 5 [500/33236 (2%)], loss_all 13.646247863769531, loss_f0: 12.63414192199707, loss_uv: 1.0121057033538818
(13839630336, 23710007296)
Train Epoch: 5 [1000/33236 (3%)], loss_all 14.44685173034668, loss_f0: 13.569236755371094, loss_uv: 0.8776141405105591
(13839630336, 23710007296)
Train Epoch: 5 [1500/33236 (5%)], loss_all 13.353178024291992, loss_f0: 12.800734519958496, loss_uv: 0.552443265914917
(13839630336, 23710007296)
Train Epoch: 5 [2000/33236 (6%)], loss_all 12.372349739074707, loss_f0: 11.343993186950684, loss_uv: 1.0283565521240234
(13839630336, 23710007296)
Train Epoch: 5 [2500/33236 (8%)], loss_all 14.295906066894531, loss_f0: 12.832088470458984, loss_uv: 1.463817834854126
(13839630336, 23710007296)
Train Epoch: 5 [3000/33236 (9%)], loss_all 14.74710464477539, loss_f0: 13.925642013549805, loss_uv: 0.8214620351791382
(13839630336, 23710007296)
Train Epoch: 5 [3500/33236 (11%)], loss_all 14.845221519470215, loss_f0: 13.904829025268555, loss_uv: 0.9403921961784363
(13839630336, 23710007296)
Train Epoch: 5 [4000/33236 (12%)], loss_all 15.807454109191895, loss_f0: 14.703695297241211, loss_uv: 1.1037588119506836
(13839630336, 23710007296)
Train Epoch: 5 [4500/33236 (14%)], loss_all 14.921576499938965, loss_f0: 13.945178985595703, loss_uv: 0.9763970375061035
(13839630336, 23710007296)
Train Epoch: 5 [5000/33236 (15%)], loss_all 13.892814636230469, loss_f0: 13.058160781860352, loss_uv: 0.8346532583236694
(13839630336, 23710007296)
Train Epoch: 5 [5500/33236 (17%)], loss_all 12.605253219604492, loss_f0: 12.000228881835938, loss_uv: 0.6050240397453308
(13839630336, 23710007296)
Train Epoch: 5 [6000/33236 (18%)], loss_all 13.984712600708008, loss_f0: 12.70237922668457, loss_uv: 1.2823337316513062
(13839630336, 23710007296)
Train Epoch: 5 [6500/33236 (20%)], loss_all 14.336577415466309, loss_f0: 13.202463150024414, loss_uv: 1.1341137886047363
(13839630336, 23710007296)
Train Epoch: 5 [7000/33236 (21%)], loss_all 15.094721794128418, loss_f0: 14.465526580810547, loss_uv: 0.6291947364807129
(13839630336, 23710007296)
Train Epoch: 5 [7500/33236 (23%)], loss_all 13.199625015258789, loss_f0: 12.37086296081543, loss_uv: 0.8287625312805176
(13839630336, 23710007296)
Train Epoch: 5 [8000/33236 (24%)], loss_all 13.32558536529541, loss_f0: 12.318912506103516, loss_uv: 1.0066741704940796
(13839630336, 23710007296)
Train Epoch: 5 [8500/33236 (26%)], loss_all 15.197832107543945, loss_f0: 14.53526496887207, loss_uv: 0.6625669002532959
(13839630336, 23710007296)
Train Epoch: 5 [9000/33236 (27%)], loss_all 13.94752025604248, loss_f0: 12.992921829223633, loss_uv: 0.9545992612838745
(13839630336, 23710007296)
Train Epoch: 5 [9500/33236 (29%)], loss_all 11.915081024169922, loss_f0: 9.933274269104004, loss_uv: 1.9818058013916016
(13839630336, 23710007296)
Train Epoch: 5 [10000/33236 (30%)], loss_all 14.803454399108887, loss_f0: 14.031949996948242, loss_uv: 0.7715028524398804
(13839630336, 23710007296)
Train Epoch: 5 [10500/33236 (32%)], loss_all 14.399747848510742, loss_f0: 13.437514305114746, loss_uv: 0.9622330665588379
(13839630336, 23710007296)
Train Epoch: 5 [11000/33236 (33%)], loss_all 11.074049949645996, loss_f0: 9.958747863769531, loss_uv: 1.1153030395507812
(13839630336, 23710007296)
Train Epoch: 5 [11500/33236 (35%)], loss_all 12.711291313171387, loss_f0: 11.700202941894531, loss_uv: 1.0110887289047241
(13839630336, 23710007296)
Train Epoch: 5 [12000/33236 (36%)], loss_all 14.238805770874023, loss_f0: 13.138077735900879, loss_uv: 1.1007288694381714
(13839630336, 23710007296)
Train Epoch: 5 [12500/33236 (38%)], loss_all 15.423540115356445, loss_f0: 14.726736068725586, loss_uv: 0.696804404258728
(13839630336, 23710007296)
Train Epoch: 5 [13000/33236 (39%)], loss_all 11.504305839538574, loss_f0: 10.345703125, loss_uv: 1.158603549003601
(13839630336, 23710007296)
Train Epoch: 5 [13500/33236 (41%)], loss_all 16.989330291748047, loss_f0: 15.972372055053711, loss_uv: 1.016959547996521
(13839630336, 23710007296)
Train Epoch: 5 [14000/33236 (42%)], loss_all 12.716200828552246, loss_f0: 11.970938682556152, loss_uv: 0.7452622652053833
(13839630336, 23710007296)
Train Epoch: 5 [14500/33236 (44%)], loss_all 15.524698257446289, loss_f0: 14.85528564453125, loss_uv: 0.6694132089614868
(13839630336, 23710007296)
Train Epoch: 5 [15000/33236 (45%)], loss_all 15.76210880279541, loss_f0: 14.967477798461914, loss_uv: 0.7946304082870483
(13839630336, 23710007296)
Train Epoch: 5 [15500/33236 (47%)], loss_all 11.90590763092041, loss_f0: 11.035966873168945, loss_uv: 0.8699396848678589
(13839630336, 23710007296)
Train Epoch: 5 [16000/33236 (48%)], loss_all 13.716618537902832, loss_f0: 12.794881820678711, loss_uv: 0.9217364192008972
(13839630336, 23710007296)
Train Epoch: 5 [16500/33236 (50%)], loss_all 13.147320747375488, loss_f0: 12.448291778564453, loss_uv: 0.6990290880203247
(13839630336, 23710007296)
Train Epoch: 5 [17000/33236 (51%)], loss_all 12.436540603637695, loss_f0: 11.73099422454834, loss_uv: 0.7055461406707764
(13839630336, 23710007296)
Train Epoch: 5 [17500/33236 (53%)], loss_all 13.808801651000977, loss_f0: 12.943790435791016, loss_uv: 0.8650112748146057
(13839630336, 23710007296)
Train Epoch: 5 [18000/33236 (54%)], loss_all 12.666020393371582, loss_f0: 11.800518035888672, loss_uv: 0.8655011057853699
(13839630336, 23710007296)
Train Epoch: 5 [18500/33236 (56%)], loss_all 12.941211700439453, loss_f0: 12.448783874511719, loss_uv: 0.492428183555603
(13839630336, 23710007296)
Train Epoch: 5 [19000/33236 (57%)], loss_all 14.803403854370117, loss_f0: 13.793768882751465, loss_uv: 1.009635090827942
(13839630336, 23710007296)
Train Epoch: 5 [19500/33236 (59%)], loss_all 9.2166166305542, loss_f0: 8.490826606750488, loss_uv: 0.7257897853851318
(13839630336, 23710007296)
Train Epoch: 5 [20000/33236 (60%)], loss_all 12.801562309265137, loss_f0: 11.95619010925293, loss_uv: 0.8453727960586548
(13839630336, 23710007296)
Train Epoch: 5 [20500/33236 (62%)], loss_all 10.44526195526123, loss_f0: 9.619009971618652, loss_uv: 0.8262507915496826
(13839630336, 23710007296)
Train Epoch: 5 [21000/33236 (63%)], loss_all 14.659996032714844, loss_f0: 13.530633926391602, loss_uv: 1.1293628215789795
(13839630336, 23710007296)
Train Epoch: 5 [21500/33236 (65%)], loss_all 13.177033424377441, loss_f0: 12.651055335998535, loss_uv: 0.5259783267974854
(13839630336, 23710007296)
Train Epoch: 5 [22000/33236 (66%)], loss_all 15.2772798538208, loss_f0: 14.689876556396484, loss_uv: 0.5874039530754089
(13839630336, 23710007296)
Train Epoch: 5 [22500/33236 (68%)], loss_all 13.773567199707031, loss_f0: 13.313554763793945, loss_uv: 0.46001309156417847
(13839630336, 23710007296)
Train Epoch: 5 [23000/33236 (69%)], loss_all 11.584470748901367, loss_f0: 10.395699501037598, loss_uv: 1.1887702941894531
(13839630336, 23710007296)
Train Epoch: 5 [23500/33236 (71%)], loss_all 13.729304313659668, loss_f0: 12.910383224487305, loss_uv: 0.8189219236373901
(13839630336, 23710007296)
Train Epoch: 5 [24000/33236 (72%)], loss_all 14.577763557434082, loss_f0: 13.660881042480469, loss_uv: 0.916882336139679
(13839630336, 23710007296)
Train Epoch: 5 [24500/33236 (74%)], loss_all 16.02328109741211, loss_f0: 14.886514663696289, loss_uv: 1.1367653608322144
(13839630336, 23710007296)
Train Epoch: 5 [25000/33236 (75%)], loss_all 12.965391159057617, loss_f0: 11.878422737121582, loss_uv: 1.0869687795639038
(13839630336, 23710007296)
Train Epoch: 5 [25500/33236 (77%)], loss_all 12.71593189239502, loss_f0: 11.757621765136719, loss_uv: 0.9583101868629456
(13839630336, 23710007296)
Train Epoch: 5 [26000/33236 (78%)], loss_all 12.988553047180176, loss_f0: 11.95510196685791, loss_uv: 1.0334508419036865
(13839630336, 23710007296)
Train Epoch: 5 [26500/33236 (80%)], loss_all 12.727640151977539, loss_f0: 11.9500150680542, loss_uv: 0.7776249051094055
(13839630336, 23710007296)
Train Epoch: 5 [27000/33236 (81%)], loss_all 13.719886779785156, loss_f0: 12.652528762817383, loss_uv: 1.0673580169677734
(13839630336, 23710007296)
Train Epoch: 5 [27500/33236 (83%)], loss_all 13.302550315856934, loss_f0: 12.147934913635254, loss_uv: 1.1546151638031006
(13839630336, 23710007296)
Train Epoch: 5 [28000/33236 (84%)], loss_all 12.575580596923828, loss_f0: 11.782119750976562, loss_uv: 0.793461799621582
(13839630336, 23710007296)
Train Epoch: 5 [28500/33236 (86%)], loss_all 16.187862396240234, loss_f0: 15.48996353149414, loss_uv: 0.6978989243507385
(13839630336, 23710007296)
Train Epoch: 5 [29000/33236 (87%)], loss_all 12.303418159484863, loss_f0: 11.287348747253418, loss_uv: 1.016069769859314
(13839630336, 23710007296)
Train Epoch: 5 [29500/33236 (89%)], loss_all 10.573899269104004, loss_f0: 9.55284595489502, loss_uv: 1.0210537910461426
(13839630336, 23710007296)
Train Epoch: 5 [30000/33236 (90%)], loss_all 11.504472732543945, loss_f0: 10.456811904907227, loss_uv: 1.047661542892456
(13839630336, 23710007296)
Train Epoch: 5 [30500/33236 (92%)], loss_all 11.967021942138672, loss_f0: 11.155717849731445, loss_uv: 0.811303973197937
(13839630336, 23710007296)
Train Epoch: 5 [31000/33236 (93%)], loss_all 15.825311660766602, loss_f0: 14.970609664916992, loss_uv: 0.8547028303146362
(13839630336, 23710007296)
Train Epoch: 5 [31500/33236 (95%)], loss_all 13.57988452911377, loss_f0: 12.892651557922363, loss_uv: 0.6872320771217346
(13839630336, 23710007296)
Train Epoch: 5 [32000/33236 (96%)], loss_all 12.626513481140137, loss_f0: 11.710987091064453, loss_uv: 0.9155272245407104
(13839630336, 23710007296)
Train Epoch: 5 [32500/33236 (98%)], loss_all 16.058574676513672, loss_f0: 15.296884536743164, loss_uv: 0.7616909146308899
(13839630336, 23710007296)
Train Epoch: 5 [33000/33236 (99%)], loss_all 11.486329078674316, loss_f0: 10.553703308105469, loss_uv: 0.9326260089874268
----------------------------------------Epoch: 6----------------------------------------
(13839630336, 23710007296)
Train Epoch: 6 [0/33236 (0%)], loss_all 10.154510498046875, loss_f0: 9.450197219848633, loss_uv: 0.7043142914772034
(13839630336, 23710007296)
Train Epoch: 6 [500/33236 (2%)], loss_all 13.359882354736328, loss_f0: 12.477953910827637, loss_uv: 0.8819286227226257
(13839630336, 23710007296)
Train Epoch: 6 [1000/33236 (3%)], loss_all 13.030028343200684, loss_f0: 11.899591445922852, loss_uv: 1.1304373741149902
(13839630336, 23710007296)
Train Epoch: 6 [1500/33236 (5%)], loss_all 15.576544761657715, loss_f0: 15.031967163085938, loss_uv: 0.5445765852928162
(13839630336, 23710007296)
Train Epoch: 6 [2000/33236 (6%)], loss_all 16.522722244262695, loss_f0: 15.449203491210938, loss_uv: 1.073518991470337
(13839630336, 23710007296)
Train Epoch: 6 [2500/33236 (8%)], loss_all 13.715814590454102, loss_f0: 12.595487594604492, loss_uv: 1.1203259229660034
(13839630336, 23710007296)
Train Epoch: 6 [3000/33236 (9%)], loss_all 11.276741027832031, loss_f0: 10.058427810668945, loss_uv: 1.2183136940002441
(13839630336, 23710007296)
Train Epoch: 6 [3500/33236 (11%)], loss_all 14.388815879821777, loss_f0: 13.705963134765625, loss_uv: 0.6828526258468628
(13839630336, 23710007296)
Train Epoch: 6 [4000/33236 (12%)], loss_all 13.570643424987793, loss_f0: 12.91812801361084, loss_uv: 0.6525163054466248
(13839630336, 23710007296)
Train Epoch: 6 [4500/33236 (14%)], loss_all 14.517513275146484, loss_f0: 13.213399887084961, loss_uv: 1.3041144609451294
(13839630336, 23710007296)
Train Epoch: 6 [5000/33236 (15%)], loss_all 13.953185081481934, loss_f0: 12.52586555480957, loss_uv: 1.4273200035095215
(13839630336, 23710007296)
Train Epoch: 6 [5500/33236 (17%)], loss_all 12.347261428833008, loss_f0: 10.922829627990723, loss_uv: 1.424431324005127
(13839630336, 23710007296)
Train Epoch: 6 [6000/33236 (18%)], loss_all 8.045306205749512, loss_f0: 7.452182292938232, loss_uv: 0.5931236147880554
(13839630336, 23710007296)
Train Epoch: 6 [6500/33236 (20%)], loss_all 10.616772651672363, loss_f0: 9.746404647827148, loss_uv: 0.8703686594963074
(13839630336, 23710007296)
Train Epoch: 6 [7000/33236 (21%)], loss_all 11.931303024291992, loss_f0: 11.226075172424316, loss_uv: 0.7052276730537415
(13839630336, 23710007296)
Train Epoch: 6 [7500/33236 (23%)], loss_all 11.87125015258789, loss_f0: 11.15161418914795, loss_uv: 0.7196362018585205
(13839630336, 23710007296)
Train Epoch: 6 [8000/33236 (24%)], loss_all 15.018338203430176, loss_f0: 13.69361686706543, loss_uv: 1.3247216939926147
(13839630336, 23710007296)
Train Epoch: 6 [8500/33236 (26%)], loss_all 14.65539264678955, loss_f0: 12.8215913772583, loss_uv: 1.8338005542755127
(13839630336, 23710007296)
Train Epoch: 6 [9000/33236 (27%)], loss_all 9.764203071594238, loss_f0: 9.041028022766113, loss_uv: 0.723175585269928
(13839630336, 23710007296)
Train Epoch: 6 [9500/33236 (29%)], loss_all 14.045754432678223, loss_f0: 13.303192138671875, loss_uv: 0.7425611019134521
(13839630336, 23710007296)
Train Epoch: 6 [10000/33236 (30%)], loss_all 14.696895599365234, loss_f0: 13.912813186645508, loss_uv: 0.7840808629989624
(13839630336, 23710007296)
Train Epoch: 6 [10500/33236 (32%)], loss_all 15.465173721313477, loss_f0: 14.39088249206543, loss_uv: 1.0742911100387573
(13839630336, 23710007296)
Train Epoch: 6 [11000/33236 (33%)], loss_all 12.377082824707031, loss_f0: 11.694982528686523, loss_uv: 0.6821001768112183
(13839630336, 23710007296)
Train Epoch: 6 [11500/33236 (35%)], loss_all 12.616019248962402, loss_f0: 11.802644729614258, loss_uv: 0.8133742213249207
(13839630336, 23710007296)
Train Epoch: 6 [12000/33236 (36%)], loss_all 14.318185806274414, loss_f0: 13.686214447021484, loss_uv: 0.6319701671600342
(13839630336, 23710007296)
Train Epoch: 6 [12500/33236 (38%)], loss_all 14.30404281616211, loss_f0: 13.490863800048828, loss_uv: 0.813178300857544
(13519683584, 23710007296)
Train Epoch: 6 [13000/33236 (39%)], loss_all 12.507057189941406, loss_f0: 11.792667388916016, loss_uv: 0.7143892049789429
(13839630336, 23710007296)
Train Epoch: 6 [13500/33236 (41%)], loss_all 16.409147262573242, loss_f0: 15.62324333190918, loss_uv: 0.785901665687561
(13839630336, 23710007296)
Train Epoch: 6 [14000/33236 (42%)], loss_all 13.902027130126953, loss_f0: 13.0386962890625, loss_uv: 0.8633311986923218
(13839630336, 23710007296)
Train Epoch: 6 [14500/33236 (44%)], loss_all 12.553239822387695, loss_f0: 11.629682540893555, loss_uv: 0.9235566854476929
(13839630336, 23710007296)
Train Epoch: 6 [15000/33236 (45%)], loss_all 14.261957168579102, loss_f0: 13.176712989807129, loss_uv: 1.0852441787719727
(13839630336, 23710007296)
Train Epoch: 6 [15500/33236 (47%)], loss_all 15.550244331359863, loss_f0: 14.881595611572266, loss_uv: 0.6686481237411499
(13839630336, 23710007296)
Train Epoch: 6 [16000/33236 (48%)], loss_all 13.351930618286133, loss_f0: 12.364603996276855, loss_uv: 0.9873261451721191
(13196722176, 23710007296)
Train Epoch: 6 [16500/33236 (50%)], loss_all 14.905961036682129, loss_f0: 13.876724243164062, loss_uv: 1.0292363166809082
(13839630336, 23710007296)
Train Epoch: 6 [17000/33236 (51%)], loss_all 11.744848251342773, loss_f0: 10.558568000793457, loss_uv: 1.1862808465957642
(13839630336, 23710007296)
Train Epoch: 6 [17500/33236 (53%)], loss_all 13.454200744628906, loss_f0: 12.51501750946045, loss_uv: 0.9391820430755615
(13839630336, 23710007296)
Train Epoch: 6 [18000/33236 (54%)], loss_all 13.111811637878418, loss_f0: 12.27310562133789, loss_uv: 0.8387057781219482
(3254124544, 23710007296)
Train Epoch: 6 [18500/33236 (56%)], loss_all 13.1727876663208, loss_f0: 12.34039306640625, loss_uv: 0.8323935270309448
(13839630336, 23710007296)
Train Epoch: 6 [19000/33236 (57%)], loss_all 15.849201202392578, loss_f0: 14.603008270263672, loss_uv: 1.2461910247802734
(13839630336, 23710007296)
Train Epoch: 6 [19500/33236 (59%)], loss_all 14.109579086303711, loss_f0: 13.091681480407715, loss_uv: 1.0178980827331543
(13839630336, 23710007296)
Train Epoch: 6 [20000/33236 (60%)], loss_all 13.161307334899902, loss_f0: 11.703970909118652, loss_uv: 1.4573367834091187
(13839630336, 23710007296)
Train Epoch: 6 [20500/33236 (62%)], loss_all 12.25898551940918, loss_f0: 11.366686820983887, loss_uv: 0.892299234867096
(13839630336, 23710007296)
Train Epoch: 6 [21000/33236 (63%)], loss_all 15.192277908325195, loss_f0: 14.247552871704102, loss_uv: 0.9447237253189087
(13839630336, 23710007296)
Train Epoch: 6 [21500/33236 (65%)], loss_all 15.916410446166992, loss_f0: 15.073387145996094, loss_uv: 0.8430227041244507
(13839630336, 23710007296)
Train Epoch: 6 [22000/33236 (66%)], loss_all 14.13808536529541, loss_f0: 13.402009963989258, loss_uv: 0.7360742688179016
(12930383872, 23710007296)
Train Epoch: 6 [22500/33236 (68%)], loss_all 13.669978141784668, loss_f0: 13.033903121948242, loss_uv: 0.6360750198364258
(13839630336, 23710007296)
Train Epoch: 6 [23000/33236 (69%)], loss_all 12.875934600830078, loss_f0: 12.236956596374512, loss_uv: 0.6389785408973694
(13839630336, 23710007296)
Train Epoch: 6 [23500/33236 (71%)], loss_all 13.99837875366211, loss_f0: 13.32373046875, loss_uv: 0.6746483445167542
(13839630336, 23710007296)
Train Epoch: 6 [24000/33236 (72%)], loss_all 15.763900756835938, loss_f0: 14.094524383544922, loss_uv: 1.669377326965332
(13839630336, 23710007296)
Train Epoch: 6 [24500/33236 (74%)], loss_all 10.265534400939941, loss_f0: 9.162891387939453, loss_uv: 1.102642297744751
(13839630336, 23710007296)
Train Epoch: 6 [25000/33236 (75%)], loss_all 12.374029159545898, loss_f0: 11.486045837402344, loss_uv: 0.8879829049110413
(13839630336, 23710007296)
Train Epoch: 6 [25500/33236 (77%)], loss_all 12.063612937927246, loss_f0: 11.482806205749512, loss_uv: 0.5808066129684448
(13839630336, 23710007296)
Train Epoch: 6 [26000/33236 (78%)], loss_all 12.286600112915039, loss_f0: 11.768548965454102, loss_uv: 0.5180520415306091
(13839630336, 23710007296)
Train Epoch: 6 [26500/33236 (80%)], loss_all 15.61830997467041, loss_f0: 14.553401947021484, loss_uv: 1.0649068355560303
(13839630336, 23710007296)
Train Epoch: 6 [27000/33236 (81%)], loss_all 13.570940017700195, loss_f0: 12.82724666595459, loss_uv: 0.7436937689781189
(13839630336, 23710007296)
Train Epoch: 6 [27500/33236 (83%)], loss_all 12.88249397277832, loss_f0: 11.858208656311035, loss_uv: 1.024284839630127
(13839630336, 23710007296)
Train Epoch: 6 [28000/33236 (84%)], loss_all 14.574328422546387, loss_f0: 13.453878402709961, loss_uv: 1.120449423789978
(12930383872, 23710007296)
Train Epoch: 6 [28500/33236 (86%)], loss_all 12.936765670776367, loss_f0: 11.348969459533691, loss_uv: 1.5877971649169922
(11594498048, 23710007296)
Train Epoch: 6 [29000/33236 (87%)], loss_all 14.640118598937988, loss_f0: 13.96683120727539, loss_uv: 0.6732882857322693
(11594498048, 23710007296)
Train Epoch: 6 [29500/33236 (89%)], loss_all 13.208830833435059, loss_f0: 12.209053039550781, loss_uv: 0.9997784495353699
(13839630336, 23710007296)
Train Epoch: 6 [30000/33236 (90%)], loss_all 11.43821907043457, loss_f0: 10.287883758544922, loss_uv: 1.1503351926803589
(13839630336, 23710007296)
Train Epoch: 6 [30500/33236 (92%)], loss_all 14.893568992614746, loss_f0: 13.925947189331055, loss_uv: 0.9676214456558228
(3247833088, 23710007296)
Train Epoch: 6 [31000/33236 (93%)], loss_all 16.353792190551758, loss_f0: 15.39114761352539, loss_uv: 0.9626438617706299
(11594498048, 23710007296)
Train Epoch: 6 [31500/33236 (95%)], loss_all 11.31331729888916, loss_f0: 10.631766319274902, loss_uv: 0.6815519332885742
(11594498048, 23710007296)
Train Epoch: 6 [32000/33236 (96%)], loss_all 9.379693984985352, loss_f0: 8.599837303161621, loss_uv: 0.7798566222190857
(11594498048, 23710007296)
Train Epoch: 6 [32500/33236 (98%)], loss_all 12.184459686279297, loss_f0: 10.835315704345703, loss_uv: 1.349143385887146
(11594498048, 23710007296)
Train Epoch: 6 [33000/33236 (99%)], loss_all 13.441232681274414, loss_f0: 12.73094367980957, loss_uv: 0.7102898955345154
----------------------------------------Epoch: 7----------------------------------------
(11594498048, 23710007296)
Train Epoch: 7 [0/33236 (0%)], loss_all 14.345817565917969, loss_f0: 13.050492286682129, loss_uv: 1.2953248023986816
(11594498048, 23710007296)
Train Epoch: 7 [500/33236 (2%)], loss_all 10.55605411529541, loss_f0: 9.823305130004883, loss_uv: 0.7327497005462646
